Archive member included to satisfy reference by file (symbol)

/home/alexw/.config/Code/User/globalStorage/bmd.stm32-for-vscode/@xpack-dev-tools/arm-none-eabi-gcc/10.3.1-2.3.1/.content/bin/../lib/gcc/arm-none-eabi/10.3.1/../../../../arm-none-eabi/lib/thumb/v7e-m+fp/hard/libc_nano.a(lib_a-exit.o)
                              /home/alexw/.config/Code/User/globalStorage/bmd.stm32-for-vscode/@xpack-dev-tools/arm-none-eabi-gcc/10.3.1-2.3.1/.content/bin/../lib/gcc/arm-none-eabi/10.3.1/../../../../arm-none-eabi/lib/thumb/v7e-m+fp/hard/crt0.o (exit)
/home/alexw/.config/Code/User/globalStorage/bmd.stm32-for-vscode/@xpack-dev-tools/arm-none-eabi-gcc/10.3.1-2.3.1/.content/bin/../lib/gcc/arm-none-eabi/10.3.1/../../../../arm-none-eabi/lib/thumb/v7e-m+fp/hard/libc_nano.a(lib_a-impure.o)
                              /home/alexw/.config/Code/User/globalStorage/bmd.stm32-for-vscode/@xpack-dev-tools/arm-none-eabi-gcc/10.3.1-2.3.1/.content/bin/../lib/gcc/arm-none-eabi/10.3.1/../../../../arm-none-eabi/lib/thumb/v7e-m+fp/hard/libc_nano.a(lib_a-exit.o) (_global_impure_ptr)
/home/alexw/.config/Code/User/globalStorage/bmd.stm32-for-vscode/@xpack-dev-tools/arm-none-eabi-gcc/10.3.1-2.3.1/.content/bin/../lib/gcc/arm-none-eabi/10.3.1/../../../../arm-none-eabi/lib/thumb/v7e-m+fp/hard/libc_nano.a(lib_a-init.o)
                              /home/alexw/.config/Code/User/globalStorage/bmd.stm32-for-vscode/@xpack-dev-tools/arm-none-eabi-gcc/10.3.1-2.3.1/.content/bin/../lib/gcc/arm-none-eabi/10.3.1/../../../../arm-none-eabi/lib/thumb/v7e-m+fp/hard/crt0.o (__libc_init_array)
/home/alexw/.config/Code/User/globalStorage/bmd.stm32-for-vscode/@xpack-dev-tools/arm-none-eabi-gcc/10.3.1-2.3.1/.content/bin/../lib/gcc/arm-none-eabi/10.3.1/../../../../arm-none-eabi/lib/thumb/v7e-m+fp/hard/libc_nano.a(lib_a-memset.o)
                              /home/alexw/.config/Code/User/globalStorage/bmd.stm32-for-vscode/@xpack-dev-tools/arm-none-eabi-gcc/10.3.1-2.3.1/.content/bin/../lib/gcc/arm-none-eabi/10.3.1/../../../../arm-none-eabi/lib/thumb/v7e-m+fp/hard/crt0.o (memset)
/home/alexw/.config/Code/User/globalStorage/bmd.stm32-for-vscode/@xpack-dev-tools/arm-none-eabi-gcc/10.3.1-2.3.1/.content/bin/../lib/gcc/arm-none-eabi/10.3.1/../../../../arm-none-eabi/lib/thumb/v7e-m+fp/hard/libnosys.a(_exit.o)
                              /home/alexw/.config/Code/User/globalStorage/bmd.stm32-for-vscode/@xpack-dev-tools/arm-none-eabi-gcc/10.3.1-2.3.1/.content/bin/../lib/gcc/arm-none-eabi/10.3.1/../../../../arm-none-eabi/lib/thumb/v7e-m+fp/hard/libc_nano.a(lib_a-exit.o) (_exit)

Discarded input sections

 .text          0x0000000000000000        0x0 /home/alexw/.config/Code/User/globalStorage/bmd.stm32-for-vscode/@xpack-dev-tools/arm-none-eabi-gcc/10.3.1-2.3.1/.content/bin/../lib/gcc/arm-none-eabi/10.3.1/thumb/v7e-m+fp/hard/crti.o
 .data          0x0000000000000000        0x0 /home/alexw/.config/Code/User/globalStorage/bmd.stm32-for-vscode/@xpack-dev-tools/arm-none-eabi-gcc/10.3.1-2.3.1/.content/bin/../lib/gcc/arm-none-eabi/10.3.1/thumb/v7e-m+fp/hard/crti.o
 .bss           0x0000000000000000        0x0 /home/alexw/.config/Code/User/globalStorage/bmd.stm32-for-vscode/@xpack-dev-tools/arm-none-eabi-gcc/10.3.1-2.3.1/.content/bin/../lib/gcc/arm-none-eabi/10.3.1/thumb/v7e-m+fp/hard/crti.o
 .text          0x0000000000000000        0x0 /home/alexw/.config/Code/User/globalStorage/bmd.stm32-for-vscode/@xpack-dev-tools/arm-none-eabi-gcc/10.3.1-2.3.1/.content/bin/../lib/gcc/arm-none-eabi/10.3.1/thumb/v7e-m+fp/hard/crtbegin.o
 .data          0x0000000000000000        0x0 /home/alexw/.config/Code/User/globalStorage/bmd.stm32-for-vscode/@xpack-dev-tools/arm-none-eabi-gcc/10.3.1-2.3.1/.content/bin/../lib/gcc/arm-none-eabi/10.3.1/thumb/v7e-m+fp/hard/crtbegin.o
 .bss           0x0000000000000000        0x0 /home/alexw/.config/Code/User/globalStorage/bmd.stm32-for-vscode/@xpack-dev-tools/arm-none-eabi-gcc/10.3.1-2.3.1/.content/bin/../lib/gcc/arm-none-eabi/10.3.1/thumb/v7e-m+fp/hard/crtbegin.o
 .rodata.all_implied_fbits
                0x0000000000000000       0x24 /home/alexw/.config/Code/User/globalStorage/bmd.stm32-for-vscode/@xpack-dev-tools/arm-none-eabi-gcc/10.3.1-2.3.1/.content/bin/../lib/gcc/arm-none-eabi/10.3.1/thumb/v7e-m+fp/hard/crtbegin.o
 .data.__dso_handle
                0x0000000000000000        0x4 /home/alexw/.config/Code/User/globalStorage/bmd.stm32-for-vscode/@xpack-dev-tools/arm-none-eabi-gcc/10.3.1-2.3.1/.content/bin/../lib/gcc/arm-none-eabi/10.3.1/thumb/v7e-m+fp/hard/crtbegin.o
 .text          0x0000000000000000       0x7c /home/alexw/.config/Code/User/globalStorage/bmd.stm32-for-vscode/@xpack-dev-tools/arm-none-eabi-gcc/10.3.1-2.3.1/.content/bin/../lib/gcc/arm-none-eabi/10.3.1/../../../../arm-none-eabi/lib/thumb/v7e-m+fp/hard/crt0.o
[...]
Memory Configuration

Name             Origin             Length             Attributes
RAM              0x0000000020000000 0x0000000000008000 xrw
FLASH            0x0000000008000000 0x0000000000020000 xr
*default*        0x0000000000000000 0xffffffffffffffff

Linker script and memory map

LOAD /home/alexw/.config/Code/User/globalStorage/bmd.stm32-for-vscode/@xpack-dev-tools/arm-none-eabi-gcc/10.3.1-2.3.1/.content/bin/../lib/gcc/arm-none-eabi/10.3.1/thumb/v7e-m+fp/hard/crti.o
LOAD /home/alexw/.config/Code/User/globalStorage/bmd.stm32-for-vscode/@xpack-dev-tools/arm-none-eabi-gcc/10.3.1-2.3.1/.content/bin/../lib/gcc/arm-none-eabi/10.3.1/thumb/v7e-m+fp/hard/crtbegin.o
LOAD /home/alexw/.config/Code/User/globalStorage/bmd.stm32-for-vscode/@xpack-dev-tools/arm-none-eabi-gcc/10.3.1-2.3.1/.content/bin/../lib/gcc/arm-none-eabi/10.3.1/../../../../arm-none-eabi/lib/thumb/v7e-m+fp/hard/crt0.o
LOAD build/dac.o
LOAD build/dma.o
LOAD build/gpio.o
LOAD build/main.o
LOAD build/opamp.o
LOAD build/stm32g4xx_hal_msp.o
LOAD build/stm32g4xx_it.o
LOAD build/system_stm32g4xx.o
LOAD build/tim.o
LOAD build/stm32g4xx_hal.o
LOAD build/stm32g4xx_hal_cortex.o
LOAD build/stm32g4xx_hal_dac.o
LOAD build/stm32g4xx_hal_dac_ex.o
LOAD build/stm32g4xx_hal_dma.o
LOAD build/stm32g4xx_hal_dma_ex.o
LOAD build/stm32g4xx_hal_exti.o
LOAD build/stm32g4xx_hal_flash.o
LOAD build/stm32g4xx_hal_flash_ex.o
LOAD build/stm32g4xx_hal_flash_ramfunc.o
LOAD build/stm32g4xx_hal_gpio.o
LOAD build/stm32g4xx_hal_opamp.o
LOAD build/stm32g4xx_hal_opamp_ex.o
LOAD build/stm32g4xx_hal_pwr.o
LOAD build/stm32g4xx_hal_pwr_ex.o
LOAD build/stm32g4xx_hal_rcc.o
LOAD build/stm32g4xx_hal_rcc_ex.o
LOAD build/stm32g4xx_hal_tim.o
LOAD build/stm32g4xx_hal_tim_ex.o
LOAD build/startup_stm32g431xx.o
LOAD /home/alexw/.config/Code/User/globalStorage/bmd.stm32-for-vscode/@xpack-dev-tools/arm-none-eabi-gcc/10.3.1-2.3.1/.content/bin/../lib/gcc/arm-none-eabi/10.3.1/../../../../arm-none-eabi/lib/thumb/v7e-m+fp/hard/libc_nano.a
LOAD /home/alexw/.config/Code/User/globalStorage/bmd.stm32-for-vscode/@xpack-dev-tools/arm-none-eabi-gcc/10.3.1-2.3.1/.content/bin/../lib/gcc/arm-none-eabi/10.3.1/../../../../arm-none-eabi/lib/thumb/v7e-m+fp/hard/libm.a
LOAD /home/alexw/.config/Code/User/globalStorage/bmd.stm32-for-vscode/@xpack-dev-tools/arm-none-eabi-gcc/10.3.1-2.3.1/.content/bin/../lib/gcc/arm-none-eabi/10.3.1/../../../../arm-none-eabi/lib/thumb/v7e-m+fp/hard/libnosys.a
START GROUP
LOAD /home/alexw/.config/Code/User/globalStorage/bmd.stm32-for-vscode/@xpack-dev-tools/arm-none-eabi-gcc/10.3.1-2.3.1/.content/bin/../lib/gcc/arm-none-eabi/10.3.1/thumb/v7e-m+fp/hard/libgcc.a
LOAD /home/alexw/.config/Code/User/globalStorage/bmd.stm32-for-vscode/@xpack-dev-tools/arm-none-eabi-gcc/10.3.1-2.3.1/.content/bin/../lib/gcc/arm-none-eabi/10.3.1/../../../../arm-none-eabi/lib/thumb/v7e-m+fp/hard/libc_nano.a
END GROUP
START GROUP
LOAD /home/alexw/.config/Code/User/globalStorage/bmd.stm32-for-vscode/@xpack-dev-tools/arm-none-eabi-gcc/10.3.1-2.3.1/.content/bin/../lib/gcc/arm-none-eabi/10.3.1/thumb/v7e-m+fp/hard/libgcc.a
LOAD /home/alexw/.config/Code/User/globalStorage/bmd.stm32-for-vscode/@xpack-dev-tools/arm-none-eabi-gcc/10.3.1-2.3.1/.content/bin/../lib/gcc/arm-none-eabi/10.3.1/../../../../arm-none-eabi/lib/thumb/v7e-m+fp/hard/libc_nano.a
END GROUP
LOAD /home/alexw/.config/Code/User/globalStorage/bmd.stm32-for-vscode/@xpack-dev-tools/arm-none-eabi-gcc/10.3.1-2.3.1/.content/bin/../lib/gcc/arm-none-eabi/10.3.1/thumb/v7e-m+fp/hard/crtend.o
LOAD /home/alexw/.config/Code/User/globalStorage/bmd.stm32-for-vscode/@xpack-dev-tools/arm-none-eabi-gcc/10.3.1-2.3.1/.content/bin/../lib/gcc/arm-none-eabi/10.3.1/thumb/v7e-m+fp/hard/crtn.o
                0x0000000020008000                _estack = 0x20008000
                0x0000000000000200                _Min_Heap_Size = 0x200
                0x0000000000000400                _Min_Stack_Size = 0x400

.isr_vector     0x0000000008000000      0x1d8
                0x0000000008000000                . = ALIGN (0x4)
 *(.isr_vector)
 .isr_vector    0x0000000008000000      0x1d8 build/startup_stm32g431xx.o
                0x0000000008000000                g_pfnVectors
                0x00000000080001d8                . = ALIGN (0x4)

.text           0x00000000080001d8     0x1ad0
                0x00000000080001d8                . = ALIGN (0x4)
 *(.text)
 *(.text*)
 .text.__do_global_dtors_aux
                0x00000000080001d8       0x24 /home/alexw/.config/Code/User/globalStorage/bmd.stm32-for-vscode/@xpack-dev-tools/arm-none-eabi-gcc/10.3.1-2.3.1/.content/bin/../lib/gcc/arm-none-eabi/10.3.1/thumb/v7e-m+fp/hard/crtbegin.o
 .text.frame_dummy
                0x00000000080001fc       0x1c /home/alexw/.config/Code/User/globalStorage/bmd.stm32-for-vscode/@xpack-dev-tools/arm-none-eabi-gcc/10.3.1-2.3.1/.content/bin/../lib/gcc/arm-none-eabi/10.3.1/thumb/v7e-m+fp/hard/crtbegin.o
 .text.MX_DAC3_Init
                0x0000000008000218       0x5c build/dac.o
                0x0000000008000218                MX_DAC3_Init
 .text.HAL_DAC_MspInit
                0x0000000008000274       0x78 build/dac.o
                0x0000000008000274                HAL_DAC_MspInit
 .text.MX_DMA_Init
                0x00000000080002ec       0x44 build/dma.o
                0x00000000080002ec                MX_DMA_Init
 .text.MX_GPIO_Init
                0x0000000008000330       0x30 build/gpio.o
                0x0000000008000330                MX_GPIO_Init
 .text.Error_Handler
                0x0000000008000360        0x4 build/main.o
                0x0000000008000360                Error_Handler
 .text.SystemClock_Config
                0x0000000008000364       0x6e build/main.o
                0x0000000008000364                SystemClock_Config
 *fill*         0x00000000080003d2        0x2 
 .text.main     0x00000000080003d4       0x4c build/main.o
                0x00000000080003d4                main
 .text.MX_OPAMP1_Init
                0x0000000008000420       0x34 build/opamp.o
                0x0000000008000420                MX_OPAMP1_Init
 .text.HAL_OPAMP_MspInit
                0x0000000008000454       0x50 build/opamp.o
                0x0000000008000454                HAL_OPAMP_MspInit
 .text.HAL_MspInit
                0x00000000080004a4       0x38 build/stm32g4xx_hal_msp.o
                0x00000000080004a4                HAL_MspInit
 .text.NMI_Handler
                0x00000000080004dc        0x2 build/stm32g4xx_it.o
                0x00000000080004dc                NMI_Handler
 .text.HardFault_Handler
                0x00000000080004de        0x2 build/stm32g4xx_it.o
                0x00000000080004de                HardFault_Handler
 .text.MemManage_Handler
                0x00000000080004e0        0x2 build/stm32g4xx_it.o
                0x00000000080004e0                MemManage_Handler
 .text.BusFault_Handler
                0x00000000080004e2        0x2 build/stm32g4xx_it.o
                0x00000000080004e2                BusFault_Handler
 .text.UsageFault_Handler
                0x00000000080004e4        0x2 build/stm32g4xx_it.o
                0x00000000080004e4                UsageFault_Handler
 .text.SVC_Handler
                0x00000000080004e6        0x2 build/stm32g4xx_it.o
                0x00000000080004e6                SVC_Handler
 .text.DebugMon_Handler
                0x00000000080004e8        0x2 build/stm32g4xx_it.o
                0x00000000080004e8                DebugMon_Handler
 .text.PendSV_Handler
                0x00000000080004ea        0x2 build/stm32g4xx_it.o
                0x00000000080004ea                PendSV_Handler
 .text.SysTick_Handler
                0x00000000080004ec        0x8 build/stm32g4xx_it.o
                0x00000000080004ec                SysTick_Handler
 .text.DMA1_Channel1_IRQHandler
                0x00000000080004f4       0x10 build/stm32g4xx_it.o
                0x00000000080004f4                DMA1_Channel1_IRQHandler
 .text.SystemInit
                0x0000000008000504       0x14 build/system_stm32g4xx.o
                0x0000000008000504                SystemInit
 .text.MX_TIM6_Init
                0x0000000008000518       0x50 build/tim.o
                0x0000000008000518                MX_TIM6_Init
 .text.HAL_TIM_Base_MspInit
                0x0000000008000568       0x2c build/tim.o
                0x0000000008000568                HAL_TIM_Base_MspInit
 .text.HAL_InitTick
                0x0000000008000594       0x50 build/stm32g4xx_hal.o
                0x0000000008000594                HAL_InitTick
 .text.HAL_Init
                0x00000000080005e4       0x1e build/stm32g4xx_hal.o
                0x00000000080005e4                HAL_Init
 *fill*         0x0000000008000602        0x2 
 .text.HAL_IncTick
                0x0000000008000604       0x18 build/stm32g4xx_hal.o
                0x0000000008000604                HAL_IncTick
 .text.HAL_GetTick
                0x000000000800061c        0xc build/stm32g4xx_hal.o
                0x000000000800061c                HAL_GetTick
 .text.HAL_Delay
                0x0000000008000628       0x28 build/stm32g4xx_hal.o
                0x0000000008000628                HAL_Delay
 .text.HAL_NVIC_SetPriorityGrouping
                0x0000000008000650       0x24 build/stm32g4xx_hal_cortex.o
                0x0000000008000650                HAL_NVIC_SetPriorityGrouping
 .text.HAL_NVIC_SetPriority
                0x0000000008000674       0x70 build/stm32g4xx_hal_cortex.o
                0x0000000008000674                HAL_NVIC_SetPriority
 .text.HAL_NVIC_EnableIRQ
                0x00000000080006e4       0x1c build/stm32g4xx_hal_cortex.o
                0x00000000080006e4                HAL_NVIC_EnableIRQ
 .text.HAL_SYSTICK_Config
                0x0000000008000700       0x28 build/stm32g4xx_hal_cortex.o
                0x0000000008000700                HAL_SYSTICK_Config
 .text.HAL_DAC_Init
                0x0000000008000728       0x24 build/stm32g4xx_hal_dac.o
                0x0000000008000728                HAL_DAC_Init
 .text.HAL_DAC_Start_DMA
                0x000000000800074c      0x104 build/stm32g4xx_hal_dac.o
                0x000000000800074c                HAL_DAC_Start_DMA
 .text.HAL_DAC_ConvCpltCallbackCh1
                0x0000000008000850        0x2 build/stm32g4xx_hal_dac.o
                0x0000000008000850                HAL_DAC_ConvCpltCallbackCh1
 .text.DAC_DMAConvCpltCh1
                0x0000000008000852       0x10 build/stm32g4xx_hal_dac.o
                0x0000000008000852                DAC_DMAConvCpltCh1
 .text.HAL_DAC_ConvHalfCpltCallbackCh1
                0x0000000008000862        0x2 build/stm32g4xx_hal_dac.o
                0x0000000008000862                HAL_DAC_ConvHalfCpltCallbackCh1
 .text.DAC_DMAHalfConvCpltCh1
                0x0000000008000864        0xa build/stm32g4xx_hal_dac.o
                0x0000000008000864                DAC_DMAHalfConvCpltCh1
 .text.HAL_DAC_ErrorCallbackCh1
                0x000000000800086e        0x2 build/stm32g4xx_hal_dac.o
                0x000000000800086e                HAL_DAC_ErrorCallbackCh1
 .text.DAC_DMAErrorCh1
                0x0000000008000870       0x18 build/stm32g4xx_hal_dac.o
                0x0000000008000870                DAC_DMAErrorCh1
 .text.HAL_DAC_ConfigChannel
                0x0000000008000888      0x1fc build/stm32g4xx_hal_dac.o
                0x0000000008000888                HAL_DAC_ConfigChannel
 .text.HAL_DACEx_ConvCpltCallbackCh2
                0x0000000008000a84        0x2 build/stm32g4xx_hal_dac_ex.o
                0x0000000008000a84                HAL_DACEx_ConvCpltCallbackCh2
 .text.DAC_DMAConvCpltCh2
                0x0000000008000a86       0x10 build/stm32g4xx_hal_dac_ex.o
                0x0000000008000a86                DAC_DMAConvCpltCh2
 .text.HAL_DACEx_ConvHalfCpltCallbackCh2
                0x0000000008000a96        0x2 build/stm32g4xx_hal_dac_ex.o
                0x0000000008000a96                HAL_DACEx_ConvHalfCpltCallbackCh2
 .text.DAC_DMAHalfConvCpltCh2
                0x0000000008000a98        0xa build/stm32g4xx_hal_dac_ex.o
                0x0000000008000a98                DAC_DMAHalfConvCpltCh2
 .text.HAL_DACEx_ErrorCallbackCh2
                0x0000000008000aa2        0x2 build/stm32g4xx_hal_dac_ex.o
                0x0000000008000aa2                HAL_DACEx_ErrorCallbackCh2
 .text.DAC_DMAErrorCh2
                0x0000000008000aa4       0x18 build/stm32g4xx_hal_dac_ex.o
                0x0000000008000aa4                DAC_DMAErrorCh2
 .text.DMA_SetConfig
                0x0000000008000abc       0x42 build/stm32g4xx_hal_dma.o
 *fill*         0x0000000008000afe        0x2 
 .text.DMA_CalcDMAMUXChannelBaseAndMask
                0x0000000008000b00       0x48 build/stm32g4xx_hal_dma.o
 .text.DMA_CalcDMAMUXRequestGenBaseAndMask
                0x0000000008000b48       0x28 build/stm32g4xx_hal_dma.o
 .text.HAL_DMA_Init
                0x0000000008000b70       0xd8 build/stm32g4xx_hal_dma.o
                0x0000000008000b70                HAL_DMA_Init
 .text.HAL_DMA_Start_IT
                0x0000000008000c48       0x94 build/stm32g4xx_hal_dma.o
                0x0000000008000c48                HAL_DMA_Start_IT
 .text.HAL_DMA_IRQHandler
                0x0000000008000cdc       0xc4 build/stm32g4xx_hal_dma.o
                0x0000000008000cdc                HAL_DMA_IRQHandler
 .text.HAL_GPIO_Init
                0x0000000008000da0      0x1d4 build/stm32g4xx_hal_gpio.o
                0x0000000008000da0                HAL_GPIO_Init
 .text.HAL_OPAMP_Init
                0x0000000008000f74      0x128 build/stm32g4xx_hal_opamp.o
                0x0000000008000f74                HAL_OPAMP_Init
 .text.HAL_OPAMP_Start
                0x000000000800109c       0x36 build/stm32g4xx_hal_opamp.o
                0x000000000800109c                HAL_OPAMP_Start
 *fill*         0x00000000080010d2        0x2 
 .text.HAL_PWREx_ControlVoltageScaling
                0x00000000080010d4      0x10c build/stm32g4xx_hal_pwr_ex.o
                0x00000000080010d4                HAL_PWREx_ControlVoltageScaling
 .text.HAL_PWREx_DisableUCPDDeadBattery
                0x00000000080011e0       0x10 build/stm32g4xx_hal_pwr_ex.o
                0x00000000080011e0                HAL_PWREx_DisableUCPDDeadBattery
 .text.RCC_GetSysClockFreqFromPLLSource
                0x00000000080011f0       0x58 build/stm32g4xx_hal_rcc.o
 .text.HAL_RCC_OscConfig
                0x0000000008001248      0x4e8 build/stm32g4xx_hal_rcc.o
                0x0000000008001248                HAL_RCC_OscConfig
 .text.HAL_RCC_GetSysClockFreq
                0x0000000008001730       0x88 build/stm32g4xx_hal_rcc.o
                0x0000000008001730                HAL_RCC_GetSysClockFreq
 .text.HAL_RCC_ClockConfig
                0x00000000080017b8      0x1f8 build/stm32g4xx_hal_rcc.o
                0x00000000080017b8                HAL_RCC_ClockConfig
 .text.HAL_RCC_GetHCLKFreq
                0x00000000080019b0        0xc build/stm32g4xx_hal_rcc.o
                0x00000000080019b0                HAL_RCC_GetHCLKFreq
 .text.HAL_TIM_Base_Start
                0x00000000080019bc       0x7c build/stm32g4xx_hal_tim.o
                0x00000000080019bc                HAL_TIM_Base_Start
 .text.TIM_Base_SetConfig
                0x0000000008001a38       0xb8 build/stm32g4xx_hal_tim.o
                0x0000000008001a38                TIM_Base_SetConfig
 .text.HAL_TIM_Base_Init
                0x0000000008001af0       0x60 build/stm32g4xx_hal_tim.o
                0x0000000008001af0                HAL_TIM_Base_Init
 .text.HAL_TIMEx_MasterConfigSynchronization
                0x0000000008001b50       0x94 build/stm32g4xx_hal_tim_ex.o
                0x0000000008001b50                HAL_TIMEx_MasterConfigSynchronization
 .text.Reset_Handler
                0x0000000008001be4       0x50 build/startup_stm32g431xx.o
                0x0000000008001be4                Reset_Handler
 .text.Default_Handler
                0x0000000008001c34        0x2 build/startup_stm32g431xx.o
                0x0000000008001c34                RTC_Alarm_IRQHandler
                0x0000000008001c34                EXTI2_IRQHandler
                0x0000000008001c34                TIM8_TRG_COM_IRQHandler
                0x0000000008001c34                TIM8_CC_IRQHandler
                0x0000000008001c34                TIM1_CC_IRQHandler
                0x0000000008001c34                USB_HP_IRQHandler
                0x0000000008001c34                CORDIC_IRQHandler
                0x0000000008001c34                EXTI3_IRQHandler
                0x0000000008001c34                I2C3_ER_IRQHandler
                0x0000000008001c34                EXTI0_IRQHandler
                0x0000000008001c34                I2C2_EV_IRQHandler
                0x0000000008001c34                FPU_IRQHandler
                0x0000000008001c34                FDCAN1_IT1_IRQHandler
                0x0000000008001c34                TIM1_UP_TIM16_IRQHandler
                0x0000000008001c34                ADC1_2_IRQHandler
                0x0000000008001c34                SPI1_IRQHandler
                0x0000000008001c34                TIM6_DAC_IRQHandler
                0x0000000008001c34                TIM8_UP_IRQHandler
                0x0000000008001c34                DMA2_Channel2_IRQHandler
                0x0000000008001c34                DMA1_Channel4_IRQHandler
                0x0000000008001c34                USART3_IRQHandler
                0x0000000008001c34                TIM4_IRQHandler
                0x0000000008001c34                DMA2_Channel1_IRQHandler
                0x0000000008001c34                I2C1_EV_IRQHandler
                0x0000000008001c34                DMA1_Channel6_IRQHandler
                0x0000000008001c34                UART4_IRQHandler
                0x0000000008001c34                DMA2_Channel4_IRQHandler
                0x0000000008001c34                TIM3_IRQHandler
                0x0000000008001c34                RCC_IRQHandler
                0x0000000008001c34                Default_Handler
                0x0000000008001c34                RTC_TAMP_LSECSS_IRQHandler
                0x0000000008001c34                FMAC_IRQHandler
                0x0000000008001c34                EXTI15_10_IRQHandler
                0x0000000008001c34                TIM7_IRQHandler
                0x0000000008001c34                UCPD1_IRQHandler
                0x0000000008001c34                I2C3_EV_IRQHandler
                0x0000000008001c34                EXTI9_5_IRQHandler
                0x0000000008001c34                RTC_WKUP_IRQHandler
                0x0000000008001c34                PVD_PVM_IRQHandler
                0x0000000008001c34                SPI2_IRQHandler
                0x0000000008001c34                DMA2_Channel5_IRQHandler
                0x0000000008001c34                CRS_IRQHandler
                0x0000000008001c34                DMA1_Channel5_IRQHandler
                0x0000000008001c34                USB_LP_IRQHandler
                0x0000000008001c34                EXTI4_IRQHandler
                0x0000000008001c34                RNG_IRQHandler
                0x0000000008001c34                TIM1_TRG_COM_TIM17_IRQHandler
                0x0000000008001c34                DMA1_Channel3_IRQHandler
                0x0000000008001c34                WWDG_IRQHandler
                0x0000000008001c34                LPUART1_IRQHandler
                0x0000000008001c34                DMA2_Channel6_IRQHandler
                0x0000000008001c34                FDCAN1_IT0_IRQHandler
                0x0000000008001c34                TIM2_IRQHandler
                0x0000000008001c34                COMP1_2_3_IRQHandler
                0x0000000008001c34                EXTI1_IRQHandler
                0x0000000008001c34                USART2_IRQHandler
                0x0000000008001c34                I2C2_ER_IRQHandler
                0x0000000008001c34                DMA1_Channel2_IRQHandler
                0x0000000008001c34                TIM8_BRK_IRQHandler
                0x0000000008001c34                FLASH_IRQHandler
                0x0000000008001c34                USART1_IRQHandler
                0x0000000008001c34                SPI3_IRQHandler
                0x0000000008001c34                I2C1_ER_IRQHandler
                0x0000000008001c34                LPTIM1_IRQHandler
                0x0000000008001c34                DMAMUX_OVR_IRQHandler
                0x0000000008001c34                USBWakeUp_IRQHandler
                0x0000000008001c34                SAI1_IRQHandler
                0x0000000008001c34                DMA2_Channel3_IRQHandler
                0x0000000008001c34                COMP4_IRQHandler
                0x0000000008001c34                TIM1_BRK_TIM15_IRQHandler
 *fill*         0x0000000008001c36        0x2 
 .text.__libc_init_array
                0x0000000008001c38       0x48 /home/alexw/.config/Code/User/globalStorage/bmd.stm32-for-vscode/@xpack-dev-tools/arm-none-eabi-gcc/10.3.1-2.3.1/.content/bin/../lib/gcc/arm-none-eabi/10.3.1/../../../../arm-none-eabi/lib/thumb/v7e-m+fp/hard/libc_nano.a(lib_a-init.o)
                0x0000000008001c38                __libc_init_array
 .text.memset   0x0000000008001c80       0x10 /home/alexw/.config/Code/User/globalStorage/bmd.stm32-for-vscode/@xpack-dev-tools/arm-none-eabi-gcc/10.3.1-2.3.1/.content/bin/../lib/gcc/arm-none-eabi/10.3.1/../../../../arm-none-eabi/lib/thumb/v7e-m+fp/hard/libc_nano.a(lib_a-memset.o)
                0x0000000008001c80                memset
 *(.glue_7)
 .glue_7        0x0000000008001c90        0x0 linker stubs
 *(.glue_7t)
 .glue_7t       0x0000000008001c90        0x0 linker stubs
 *(.eh_frame)
 .eh_frame      0x0000000008001c90        0x0 /home/alexw/.config/Code/User/globalStorage/bmd.stm32-for-vscode/@xpack-dev-tools/arm-none-eabi-gcc/10.3.1-2.3.1/.content/bin/../lib/gcc/arm-none-eabi/10.3.1/thumb/v7e-m+fp/hard/crtbegin.o
 *(.init)
 .init          0x0000000008001c90        0x4 /home/alexw/.config/Code/User/globalStorage/bmd.stm32-for-vscode/@xpack-dev-tools/arm-none-eabi-gcc/10.3.1-2.3.1/.content/bin/../lib/gcc/arm-none-eabi/10.3.1/thumb/v7e-m+fp/hard/crti.o
                0x0000000008001c90                _init
 .init          0x0000000008001c94        0x8 /home/alexw/.config/Code/User/globalStorage/bmd.stm32-for-vscode/@xpack-dev-tools/arm-none-eabi-gcc/10.3.1-2.3.1/.content/bin/../lib/gcc/arm-none-eabi/10.3.1/thumb/v7e-m+fp/hard/crtn.o
 *(.fini)
 .fini          0x0000000008001c9c        0x4 /home/alexw/.config/Code/User/globalStorage/bmd.stm32-for-vscode/@xpack-dev-tools/arm-none-eabi-gcc/10.3.1-2.3.1/.content/bin/../lib/gcc/arm-none-eabi/10.3.1/thumb/v7e-m+fp/hard/crti.o
                0x0000000008001c9c                _fini
 .fini          0x0000000008001ca0        0x8 /home/alexw/.config/Code/User/globalStorage/bmd.stm32-for-vscode/@xpack-dev-tools/arm-none-eabi-gcc/10.3.1-2.3.1/.content/bin/../lib/gcc/arm-none-eabi/10.3.1/thumb/v7e-m+fp/hard/crtn.o
                0x0000000008001ca8                . = ALIGN (0x4)
                0x0000000008001ca8                _etext = .

.vfp11_veneer   0x0000000008001ca8        0x0
 .vfp11_veneer  0x0000000008001ca8        0x0 linker stubs

.v4_bx          0x0000000008001ca8        0x0
 .v4_bx         0x0000000008001ca8        0x0 linker stubs

.iplt           0x0000000008001ca8        0x0
 .iplt          0x0000000008001ca8        0x0 /home/alexw/.config/Code/User/globalStorage/bmd.stm32-for-vscode/@xpack-dev-tools/arm-none-eabi-gcc/10.3.1-2.3.1/.content/bin/../lib/gcc/arm-none-eabi/10.3.1/thumb/v7e-m+fp/hard/crtbegin.o

.rodata         0x0000000008001ca8       0x10
                0x0000000008001ca8                . = ALIGN (0x4)
 *(.rodata)
 *(.rodata*)
 .rodata.AHBPrescTable
                0x0000000008001ca8       0x10 build/system_stm32g4xx.o
                0x0000000008001ca8                AHBPrescTable
                0x0000000008001cb8                . = ALIGN (0x4)

.rel.dyn        0x0000000008001cb8        0x0
 .rel.iplt      0x0000000008001cb8        0x0 /home/alexw/.config/Code/User/globalStorage/bmd.stm32-for-vscode/@xpack-dev-tools/arm-none-eabi-gcc/10.3.1-2.3.1/.content/bin/../lib/gcc/arm-none-eabi/10.3.1/thumb/v7e-m+fp/hard/crtbegin.o

.ARM.extab
 *(.ARM.extab* .gnu.linkonce.armextab.*)

.ARM            0x0000000008001cb8        0x0
                0x0000000008001cb8                __exidx_start = .
 *(.ARM.exidx*)
                0x0000000008001cb8                __exidx_end = .

.preinit_array  0x0000000008001cb8        0x0
                0x0000000008001cb8                PROVIDE (__preinit_array_start = .)
 *(.preinit_array*)
                0x0000000008001cb8                PROVIDE (__preinit_array_end = .)

.init_array     0x0000000008001cb8        0x4
                0x0000000008001cb8                PROVIDE (__init_array_start = .)
 *(SORT_BY_NAME(.init_array.*))
 *(.init_array*)
 .init_array    0x0000000008001cb8        0x4 /home/alexw/.config/Code/User/globalStorage/bmd.stm32-for-vscode/@xpack-dev-tools/arm-none-eabi-gcc/10.3.1-2.3.1/.content/bin/../lib/gcc/arm-none-eabi/10.3.1/thumb/v7e-m+fp/hard/crtbegin.o
                0x0000000008001cbc                PROVIDE (__init_array_end = .)

.fini_array     0x0000000008001cbc        0x4
                [!provide]                        PROVIDE (__fini_array_start = .)
 *(SORT_BY_NAME(.fini_array.*))
 *(.fini_array*)
 .fini_array    0x0000000008001cbc        0x4 /home/alexw/.config/Code/User/globalStorage/bmd.stm32-for-vscode/@xpack-dev-tools/arm-none-eabi-gcc/10.3.1-2.3.1/.content/bin/../lib/gcc/arm-none-eabi/10.3.1/thumb/v7e-m+fp/hard/crtbegin.o
                [!provide]                        PROVIDE (__fini_array_end = .)
                0x0000000008001cc0                _sidata = LOADADDR (.data)

.data           0x0000000020000000       0x20 load address 0x0000000008001cc0
                0x0000000020000000                . = ALIGN (0x4)
                0x0000000020000000                _sdata = .
 *(.data)
 *(.data*)
 .data.value    0x0000000020000000       0x14 build/main.o
                0x0000000020000000                value
 .data.SystemCoreClock
                0x0000000020000014        0x4 build/system_stm32g4xx.o
                0x0000000020000014                SystemCoreClock
 .data.uwTickFreq
                0x0000000020000018        0x4 build/stm32g4xx_hal.o
                0x0000000020000018                uwTickFreq
 .data.uwTickPrio
                0x000000002000001c        0x4 build/stm32g4xx_hal.o
                0x000000002000001c                uwTickPrio
                0x0000000020000020                . = ALIGN (0x4)
                0x0000000020000020                _edata = .

.igot.plt       0x0000000020000020        0x0 load address 0x0000000008001ce0
 .igot.plt      0x0000000020000020        0x0 /home/alexw/.config/Code/User/globalStorage/bmd.stm32-for-vscode/@xpack-dev-tools/arm-none-eabi-gcc/10.3.1-2.3.1/.content/bin/../lib/gcc/arm-none-eabi/10.3.1/thumb/v7e-m+fp/hard/crtbegin.o
                0x0000000020000020                . = ALIGN (0x4)

.bss            0x0000000020000020      0x11c load address 0x0000000008001ce0
                0x0000000020000020                _sbss = .
                0x0000000020000020                __bss_start__ = _sbss
 *(.bss)
 *(.bss*)
 .bss.completed.1
                0x0000000020000020        0x1 /home/alexw/.config/Code/User/globalStorage/bmd.stm32-for-vscode/@xpack-dev-tools/arm-none-eabi-gcc/10.3.1-2.3.1/.content/bin/../lib/gcc/arm-none-eabi/10.3.1/thumb/v7e-m+fp/hard/crtbegin.o
 *fill*         0x0000000020000021        0x3 
 .bss.object.0  0x0000000020000024       0x18 /home/alexw/.config/Code/User/globalStorage/bmd.stm32-for-vscode/@xpack-dev-tools/arm-none-eabi-gcc/10.3.1-2.3.1/.content/bin/../lib/gcc/arm-none-eabi/10.3.1/thumb/v7e-m+fp/hard/crtbegin.o
 .bss.hdac3     0x000000002000003c       0x14 build/dac.o
                0x000000002000003c                hdac3
 .bss.hdma_dac3_ch1
                0x0000000020000050       0x60 build/dac.o
                0x0000000020000050                hdma_dac3_ch1
 .bss.hopamp1   0x00000000200000b0       0x3c build/opamp.o
                0x00000000200000b0                hopamp1
 .bss.htim6     0x00000000200000ec       0x4c build/tim.o
                0x00000000200000ec                htim6
 .bss.uwTick    0x0000000020000138        0x4 build/stm32g4xx_hal.o
                0x0000000020000138                uwTick
 *(COMMON)
                0x000000002000013c                . = ALIGN (0x4)
                0x000000002000013c                _ebss = .
                0x000000002000013c                __bss_end__ = _ebss

._user_heap_stack
                0x000000002000013c      0x604 load address 0x0000000008001ce0
                0x0000000020000140                . = ALIGN (0x8)
 *fill*         0x000000002000013c        0x4 
                [!provide]                        PROVIDE (end = .)
                [!provide]                        PROVIDE (_end = .)
                0x0000000020000340                . = (. + _Min_Heap_Size)
 *fill*         0x0000000020000140      0x200 
                0x0000000020000740                . = (. + _Min_Stack_Size)
 *fill*         0x0000000020000340      0x400 
                0x0000000020000740                . = ALIGN (0x8)

/DISCARD/
 libc.a(*)
 libm.a(*)
 libgcc.a(*)

.ARM.attributes
                0x0000000000000000       0x30
 *(.ARM.attributes)
 .ARM.attributes
                0x0000000000000000       0x1e /home/alexw/.config/Code/User/globalStorage/bmd.stm32-for-vscode/@xpack-dev-tools/arm-none-eabi-gcc/10.3.1-2.3.1/.content/bin/../lib/gcc/arm-none-eabi/10.3.1/thumb/v7e-m+fp/hard/crti.o
 .ARM.attributes
                0x000000000000001e       0x34 /home/alexw/.config/Code/User/globalStorage/bmd.stm32-for-vscode/@xpack-dev-tools/arm-none-eabi-gcc/10.3.1-2.3.1/.content/bin/../lib/gcc/arm-none-eabi/10.3.1/thumb/v7e-m+fp/hard/crtbegin.o
 .ARM.attributes
                0x0000000000000052       0x34 build/dac.o
 .ARM.attributes
                0x0000000000000086       0x34 build/dma.o
 .ARM.attributes
                0x00000000000000ba       0x34 build/gpio.o
 .ARM.attributes
                0x00000000000000ee       0x34 build/main.o
 .ARM.attributes
                0x0000000000000122       0x34 build/opamp.o
 .ARM.attributes
                0x0000000000000156       0x34 build/stm32g4xx_hal_msp.o
 .ARM.attributes
                0x000000000000018a       0x34 build/stm32g4xx_it.o
 .ARM.attributes
                0x00000000000001be       0x34 build/system_stm32g4xx.o
 .ARM.attributes
                0x00000000000001f2       0x34 build/tim.o
 .ARM.attributes
                0x0000000000000226       0x34 build/stm32g4xx_hal.o
 .ARM.attributes
                0x000000000000025a       0x34 build/stm32g4xx_hal_cortex.o
 .ARM.attributes
                0x000000000000028e       0x34 build/stm32g4xx_hal_dac.o
 .ARM.attributes
                0x00000000000002c2       0x34 build/stm32g4xx_hal_dac_ex.o
 .ARM.attributes
                0x00000000000002f6       0x34 build/stm32g4xx_hal_dma.o
 .ARM.attributes
                0x000000000000032a       0x34 build/stm32g4xx_hal_gpio.o
 .ARM.attributes
                0x000000000000035e       0x34 build/stm32g4xx_hal_opamp.o
 .ARM.attributes
                0x0000000000000392       0x34 build/stm32g4xx_hal_pwr_ex.o
 .ARM.attributes
                0x00000000000003c6       0x34 build/stm32g4xx_hal_rcc.o
 .ARM.attributes
                0x00000000000003fa       0x34 build/stm32g4xx_hal_tim.o
 .ARM.attributes
                0x000000000000042e       0x34 build/stm32g4xx_hal_tim_ex.o
 .ARM.attributes
                0x0000000000000462       0x21 build/startup_stm32g431xx.o
 .ARM.attributes
                0x0000000000000483       0x34 /home/alexw/.config/Code/User/globalStorage/bmd.stm32-for-vscode/@xpack-dev-tools/arm-none-eabi-gcc/10.3.1-2.3.1/.content/bin/../lib/gcc/arm-none-eabi/10.3.1/../../../../arm-none-eabi/lib/thumb/v7e-m+fp/hard/libc_nano.a(lib_a-init.o)
 .ARM.attributes
                0x00000000000004b7       0x34 /home/alexw/.config/Code/User/globalStorage/bmd.stm32-for-vscode/@xpack-dev-tools/arm-none-eabi-gcc/10.3.1-2.3.1/.content/bin/../lib/gcc/arm-none-eabi/10.3.1/../../../../arm-none-eabi/lib/thumb/v7e-m+fp/hard/libc_nano.a(lib_a-memset.o)
 .ARM.attributes
                0x00000000000004eb       0x1e /home/alexw/.config/Code/User/globalStorage/bmd.stm32-for-vscode/@xpack-dev-tools/arm-none-eabi-gcc/10.3.1-2.3.1/.content/bin/../lib/gcc/arm-none-eabi/10.3.1/thumb/v7e-m+fp/hard/crtn.o
OUTPUT(build/G431DAC.elf elf32-littlearm)
LOAD linker stubs
LOAD /home/alexw/.config/Code/User/globalStorage/bmd.stm32-for-vscode/@xpack-dev-tools/arm-none-eabi-gcc/10.3.1-2.3.1/.content/bin/../lib/gcc/arm-none-eabi/10.3.1/../../../../arm-none-eabi/lib/thumb/v7e-m+fp/hard/libc.a
LOAD /home/alexw/.config/Code/User/globalStorage/bmd.stm32-for-vscode/@xpack-dev-tools/arm-none-eabi-gcc/10.3.1-2.3.1/.content/bin/../lib/gcc/arm-none-eabi/10.3.1/../../../../arm-none-eabi/lib/thumb/v7e-m+fp/hard/libm.a
LOAD /home/alexw/.config/Code/User/globalStorage/bmd.stm32-for-vscode/@xpack-dev-tools/arm-none-eabi-gcc/10.3.1-2.3.1/.content/bin/../lib/gcc/arm-none-eabi/10.3.1/thumb/v7e-m+fp/hard/libgcc.a

.comment        0x0000000000000000       0x43
 .comment       0x0000000000000000       0x43 /home/alexw/.config/Code/User/globalStorage/bmd.stm32-for-vscode/@xpack-dev-tools/arm-none-eabi-gcc/10.3.1-2.3.1/.content/bin/../lib/gcc/arm-none-eabi/10.3.1/thumb/v7e-m+fp/hard/crtbegin.o
                                         0x44 (size before relaxing)
 .comment       0x0000000000000043       0x44 build/dac.o
 .comment       0x0000000000000043       0x44 build/dma.o
 .comment       0x0000000000000043       0x44 build/gpio.o
 .comment       0x0000000000000043       0x44 build/main.o
 .comment       0x0000000000000043       0x44 build/opamp.o
 .comment       0x0000000000000043       0x44 build/stm32g4xx_hal_msp.o
 .comment       0x0000000000000043       0x44 build/stm32g4xx_it.o
 .comment       0x0000000000000043       0x44 build/system_stm32g4xx.o
 .comment       0x0000000000000043       0x44 build/tim.o
 .comment       0x0000000000000043       0x44 build/stm32g4xx_hal.o
 .comment       0x0000000000000043       0x44 build/stm32g4xx_hal_cortex.o
 .comment       0x0000000000000043       0x44 build/stm32g4xx_hal_dac.o
 .comment       0x0000000000000043       0x44 build/stm32g4xx_hal_dac_ex.o
 .comment       0x0000000000000043       0x44 build/stm32g4xx_hal_dma.o
 .comment       0x0000000000000043       0x44 build/stm32g4xx_hal_gpio.o
 .comment       0x0000000000000043       0x44 build/stm32g4xx_hal_opamp.o
 .comment       0x0000000000000043       0x44 build/stm32g4xx_hal_pwr_ex.o
 .comment       0x0000000000000043       0x44 build/stm32g4xx_hal_rcc.o
 .comment       0x0000000000000043       0x44 build/stm32g4xx_hal_tim.o
 .comment       0x0000000000000043       0x44 build/stm32g4xx_hal_tim_ex.o
 .comment       0x0000000000000043       0x44 /home/alexw/.config/Code/User/globalStorage/bmd.stm32-for-vscode/@xpack-dev-tools/arm-none-eabi-gcc/10.3.1-2.3.1/.content/bin/../lib/gcc/arm-none-eabi/10.3.1/../../../../arm-none-eabi/lib/thumb/v7e-m+fp/hard/libc_nano.a(lib_a-init.o)
 .comment       0x0000000000000043       0x44 /home/alexw/.config/Code/User/globalStorage/bmd.stm32-for-vscode/@xpack-dev-tools/arm-none-eabi-gcc/10.3.1-2.3.1/.content/bin/../lib/gcc/arm-none-eabi/10.3.1/../../../../arm-none-eabi/lib/thumb/v7e-m+fp/hard/libc_nano.a(lib_a-memset.o)

.debug_info     0x0000000000000000    0x12cb4
 .debug_info    0x0000000000000000      0xc4e build/dac.o
 .debug_info    0x0000000000000c4e      0x5bc build/dma.o
 .debug_info    0x000000000000120a      0x381 build/gpio.o
 .debug_info    0x000000000000158b     0x114e build/main.o
 .debug_info    0x00000000000026d9      0x827 build/opamp.o
 .debug_info    0x0000000000002f00      0x3a1 build/stm32g4xx_hal_msp.o
 .debug_info    0x00000000000032a1      0x55d build/stm32g4xx_it.o
 .debug_info    0x00000000000037fe      0x649 build/system_stm32g4xx.o
 .debug_info    0x0000000000003e47      0xcc2 build/tim.o
 .debug_info    0x0000000000004b09      0xc93 build/stm32g4xx_hal.o
 .debug_info    0x000000000000579c     0x111d build/stm32g4xx_hal_cortex.o
 .debug_info    0x00000000000068b9      0xf91 build/stm32g4xx_hal_dac.o
 .debug_info    0x000000000000784a     0x106e build/stm32g4xx_hal_dac_ex.o
 .debug_info    0x00000000000088b8      0xaeb build/stm32g4xx_hal_dma.o
 .debug_info    0x00000000000093a3      0x92d build/stm32g4xx_hal_gpio.o
 .debug_info    0x0000000000009cd0      0x9a1 build/stm32g4xx_hal_opamp.o
 .debug_info    0x000000000000a671      0xb20 build/stm32g4xx_hal_pwr_ex.o
 .debug_info    0x000000000000b191      0xfdb build/stm32g4xx_hal_rcc.o
 .debug_info    0x000000000000c16c     0x43da build/stm32g4xx_hal_tim.o
 .debug_info    0x0000000000010546     0x274c build/stm32g4xx_hal_tim_ex.o
 .debug_info    0x0000000000012c92       0x22 build/startup_stm32g431xx.o

.debug_abbrev   0x0000000000000000     0x27bc
 .debug_abbrev  0x0000000000000000      0x1e0 build/dac.o
 .debug_abbrev  0x00000000000001e0      0x117 build/dma.o
 .debug_abbrev  0x00000000000002f7       0xc1 build/gpio.o
 .debug_abbrev  0x00000000000003b8      0x246 build/main.o
 .debug_abbrev  0x00000000000005fe      0x1af build/opamp.o
 .debug_abbrev  0x00000000000007ad       0xd9 build/stm32g4xx_hal_msp.o
 .debug_abbrev  0x0000000000000886      0x157 build/stm32g4xx_it.o
 .debug_abbrev  0x00000000000009dd      0x11b build/system_stm32g4xx.o
 .debug_abbrev  0x0000000000000af8      0x1f4 build/tim.o
 .debug_abbrev  0x0000000000000cec      0x25d build/stm32g4xx_hal.o
 .debug_abbrev  0x0000000000000f49      0x379 build/stm32g4xx_hal_cortex.o
 .debug_abbrev  0x00000000000012c2      0x202 build/stm32g4xx_hal_dac.o
 .debug_abbrev  0x00000000000014c4      0x25c build/stm32g4xx_hal_dac_ex.o
 .debug_abbrev  0x0000000000001720      0x251 build/stm32g4xx_hal_dma.o
 .debug_abbrev  0x0000000000001971      0x222 build/stm32g4xx_hal_gpio.o
 .debug_abbrev  0x0000000000001b93      0x1cf build/stm32g4xx_hal_opamp.o
 .debug_abbrev  0x0000000000001d62      0x264 build/stm32g4xx_hal_pwr_ex.o
 .debug_abbrev  0x0000000000001fc6      0x2ac build/stm32g4xx_hal_rcc.o
 .debug_abbrev  0x0000000000002272      0x291 build/stm32g4xx_hal_tim.o
 .debug_abbrev  0x0000000000002503      0x2a7 build/stm32g4xx_hal_tim_ex.o
 .debug_abbrev  0x00000000000027aa       0x12 build/startup_stm32g431xx.o

.debug_loc      0x0000000000000000     0xe3fe
 .debug_loc     0x0000000000000000      0x10c build/dac.o
 .debug_loc     0x000000000000010c       0x38 build/dma.o
 .debug_loc     0x0000000000000144       0x2c build/gpio.o
 .debug_loc     0x0000000000000170       0x72 build/main.o
 .debug_loc     0x00000000000001e2      0x108 build/opamp.o
 .debug_loc     0x00000000000002ea       0x38 build/stm32g4xx_hal_msp.o
 .debug_loc     0x0000000000000322       0x40 build/stm32g4xx_it.o
 .debug_loc     0x0000000000000362       0x9d build/system_stm32g4xx.o
 .debug_loc     0x00000000000003ff       0x70 build/tim.o
 .debug_loc     0x000000000000046f      0x2af build/stm32g4xx_hal.o
 .debug_loc     0x000000000000071e      0x796 build/stm32g4xx_hal_cortex.o
 .debug_loc     0x0000000000000eb4      0xa62 build/stm32g4xx_hal_dac.o
 .debug_loc     0x0000000000001916      0xd2a build/stm32g4xx_hal_dac_ex.o
 .debug_loc     0x0000000000002640      0x9d0 build/stm32g4xx_hal_dma.o
 .debug_loc     0x0000000000003010      0x46f build/stm32g4xx_hal_gpio.o
 .debug_loc     0x000000000000347f      0x833 build/stm32g4xx_hal_opamp.o
 .debug_loc     0x0000000000003cb2      0xa26 build/stm32g4xx_hal_pwr_ex.o
 .debug_loc     0x00000000000046d8      0x999 build/stm32g4xx_hal_rcc.o
 .debug_loc     0x0000000000005071     0x6356 build/stm32g4xx_hal_tim.o
 .debug_loc     0x000000000000b3c7     0x3037 build/stm32g4xx_hal_tim_ex.o

.debug_aranges  0x0000000000000000      0xe80
 .debug_aranges
                0x0000000000000000       0x30 build/dac.o
 .debug_aranges
                0x0000000000000030       0x20 build/dma.o
 .debug_aranges
                0x0000000000000050       0x20 build/gpio.o
 .debug_aranges
                0x0000000000000070       0x30 build/main.o
 .debug_aranges
                0x00000000000000a0       0x30 build/opamp.o
 .debug_aranges
                0x00000000000000d0       0x20 build/stm32g4xx_hal_msp.o
 .debug_aranges
                0x00000000000000f0       0x68 build/stm32g4xx_it.o
 .debug_aranges
                0x0000000000000158       0x28 build/system_stm32g4xx.o
 .debug_aranges
                0x0000000000000180       0x30 build/tim.o
 .debug_aranges
                0x00000000000001b0      0x130 build/stm32g4xx_hal.o
 .debug_aranges
                0x00000000000002e0       0xa8 build/stm32g4xx_hal_cortex.o
 .debug_aranges
                0x0000000000000388       0xc0 build/stm32g4xx_hal_dac.o
 .debug_aranges
                0x0000000000000448       0xc0 build/stm32g4xx_hal_dac_ex.o
 .debug_aranges
                0x0000000000000508       0x90 build/stm32g4xx_hal_dma.o
 .debug_aranges
                0x0000000000000598       0x58 build/stm32g4xx_hal_gpio.o
 .debug_aranges
                0x00000000000005f0       0x70 build/stm32g4xx_hal_opamp.o
 .debug_aranges
                0x0000000000000660      0x140 build/stm32g4xx_hal_pwr_ex.o
 .debug_aranges
                0x00000000000007a0       0x98 build/stm32g4xx_hal_rcc.o
 .debug_aranges
                0x0000000000000838      0x3e0 build/stm32g4xx_hal_tim.o
 .debug_aranges
                0x0000000000000c18      0x240 build/stm32g4xx_hal_tim_ex.o
 .debug_aranges
                0x0000000000000e58       0x28 build/startup_stm32g431xx.o

.debug_ranges   0x0000000000000000      0xdb0
 .debug_ranges  0x0000000000000000       0x20 build/dac.o
 .debug_ranges  0x0000000000000020       0x10 build/dma.o
 .debug_ranges  0x0000000000000030       0x10 build/gpio.o
 .debug_ranges  0x0000000000000040       0x20 build/main.o
 .debug_ranges  0x0000000000000060       0x20 build/opamp.o
 .debug_ranges  0x0000000000000080       0x10 build/stm32g4xx_hal_msp.o
 .debug_ranges  0x0000000000000090       0x58 build/stm32g4xx_it.o
 .debug_ranges  0x00000000000000e8       0x18 build/system_stm32g4xx.o
 .debug_ranges  0x0000000000000100       0x20 build/tim.o
 .debug_ranges  0x0000000000000120      0x120 build/stm32g4xx_hal.o
 .debug_ranges  0x0000000000000240       0xf8 build/stm32g4xx_hal_cortex.o
 .debug_ranges  0x0000000000000338       0xb0 build/stm32g4xx_hal_dac.o
 .debug_ranges  0x00000000000003e8       0xb0 build/stm32g4xx_hal_dac_ex.o
 .debug_ranges  0x0000000000000498       0x80 build/stm32g4xx_hal_dma.o
 .debug_ranges  0x0000000000000518       0x48 build/stm32g4xx_hal_gpio.o
 .debug_ranges  0x0000000000000560       0x60 build/stm32g4xx_hal_opamp.o
 .debug_ranges  0x00000000000005c0      0x130 build/stm32g4xx_hal_pwr_ex.o
 .debug_ranges  0x00000000000006f0       0xa0 build/stm32g4xx_hal_rcc.o
 .debug_ranges  0x0000000000000790      0x3d0 build/stm32g4xx_hal_tim.o
 .debug_ranges  0x0000000000000b60      0x230 build/stm32g4xx_hal_tim_ex.o
 .debug_ranges  0x0000000000000d90       0x20 build/startup_stm32g431xx.o

.debug_line     0x0000000000000000     0xee0d
 .debug_line    0x0000000000000000      0x39e build/dac.o
 .debug_line    0x000000000000039e      0x217 build/dma.o
 .debug_line    0x00000000000005b5      0x1db build/gpio.o
 .debug_line    0x0000000000000790      0x428 build/main.o
 .debug_line    0x0000000000000bb8      0x32d build/opamp.o
 .debug_line    0x0000000000000ee5      0x224 build/stm32g4xx_hal_msp.o
 .debug_line    0x0000000000001109      0x346 build/stm32g4xx_it.o
 .debug_line    0x000000000000144f      0x2cb build/system_stm32g4xx.o
 .debug_line    0x000000000000171a      0x31b build/tim.o
 .debug_line    0x0000000000001a35      0x70c build/stm32g4xx_hal.o
 .debug_line    0x0000000000002141      0x7ec build/stm32g4xx_hal_cortex.o
 .debug_line    0x000000000000292d      0xaee build/stm32g4xx_hal_dac.o
 .debug_line    0x000000000000341b      0xacf build/stm32g4xx_hal_dac_ex.o
 .debug_line    0x0000000000003eea      0xcce build/stm32g4xx_hal_dma.o
 .debug_line    0x0000000000004bb8      0x70c build/stm32g4xx_hal_gpio.o
 .debug_line    0x00000000000052c4      0x762 build/stm32g4xx_hal_opamp.o
 .debug_line    0x0000000000005a26      0xaf6 build/stm32g4xx_hal_pwr_ex.o
 .debug_line    0x000000000000651c      0xe6d build/stm32g4xx_hal_rcc.o
 .debug_line    0x0000000000007389     0x53dc build/stm32g4xx_hal_tim.o
 .debug_line    0x000000000000c765     0x2631 build/stm32g4xx_hal_tim_ex.o
 .debug_line    0x000000000000ed96       0x77 build/startup_stm32g431xx.o

.debug_str      0x0000000000000000     0x4950
 .debug_str     0x0000000000000000      0x889 build/dac.o
                                        0x90c (size before relaxing)
 .debug_str     0x0000000000000889      0x498 build/dma.o
                                        0x759 (size before relaxing)
 .debug_str     0x0000000000000d21       0x1d build/gpio.o
                                        0x2de (size before relaxing)
 .debug_str     0x0000000000000d3e      0x65e build/main.o
                                        0xd13 (size before relaxing)
 .debug_str     0x000000000000139c       0xd8 build/opamp.o
                                        0x607 (size before relaxing)
 .debug_str     0x0000000000001474       0x4a build/stm32g4xx_hal_msp.o
                                        0x30b (size before relaxing)
 .debug_str     0x00000000000014be       0xe0 build/stm32g4xx_it.o
                                        0x530 (size before relaxing)
 .debug_str     0x000000000000159e       0xe2 build/system_stm32g4xx.o
                                        0x3a4 (size before relaxing)
 .debug_str     0x0000000000001680       0xe1 build/tim.o
                                        0x9ed (size before relaxing)
 .debug_str     0x0000000000001761      0x457 build/stm32g4xx_hal.o
                                        0xc18 (size before relaxing)
 .debug_str     0x0000000000001bb8      0x43d build/stm32g4xx_hal_cortex.o
                                        0xb67 (size before relaxing)
 .debug_str     0x0000000000001ff5      0x1fc build/stm32g4xx_hal_dac.o
                                        0x9ae (size before relaxing)
 .debug_str     0x00000000000021f1      0x29b build/stm32g4xx_hal_dac_ex.o
                                        0xa35 (size before relaxing)
 .debug_str     0x000000000000248c      0x294 build/stm32g4xx_hal_dma.o
                                        0x77e (size before relaxing)
 .debug_str     0x0000000000002720      0x14a build/stm32g4xx_hal_gpio.o
                                        0x51d (size before relaxing)
 .debug_str     0x000000000000286a      0x125 build/stm32g4xx_hal_opamp.o
                                        0x6a3 (size before relaxing)
 .debug_str     0x000000000000298f      0x4df build/stm32g4xx_hal_pwr_ex.o
                                        0x7bf (size before relaxing)
 .debug_str     0x0000000000002e6e      0x24c build/stm32g4xx_hal_rcc.o
                                        0x80c (size before relaxing)
 .debug_str     0x00000000000030ba      0xf60 build/stm32g4xx_hal_tim.o
                                       0x183c (size before relaxing)
 .debug_str     0x000000000000401a      0x912 build/stm32g4xx_hal_tim_ex.o
                                       0x14a4 (size before relaxing)
 .debug_str     0x000000000000492c       0x24 build/startup_stm32g431xx.o
                                         0x43 (size before relaxing)

.debug_frame    0x0000000000000000     0x2394
 .debug_frame   0x0000000000000000       0x68 build/dac.o
 .debug_frame   0x0000000000000068       0x2c build/dma.o
 .debug_frame   0x0000000000000094       0x28 build/gpio.o
 .debug_frame   0x00000000000000bc       0x58 build/main.o
 .debug_frame   0x0000000000000114       0x60 build/opamp.o
 .debug_frame   0x0000000000000174       0x2c build/stm32g4xx_hal_msp.o
 .debug_frame   0x00000000000001a0       0xc0 build/stm32g4xx_it.o
 .debug_frame   0x0000000000000260       0x30 build/system_stm32g4xx.o
 .debug_frame   0x0000000000000290       0x58 build/tim.o
 .debug_frame   0x00000000000002e8      0x274 build/stm32g4xx_hal.o
 .debug_frame   0x000000000000055c      0x148 build/stm32g4xx_hal_cortex.o
 .debug_frame   0x00000000000006a4      0x200 build/stm32g4xx_hal_dac.o
 .debug_frame   0x00000000000008a4      0x228 build/stm32g4xx_hal_dac_ex.o
 .debug_frame   0x0000000000000acc      0x170 build/stm32g4xx_hal_dma.o
 .debug_frame   0x0000000000000c3c       0xd0 build/stm32g4xx_hal_gpio.o
 .debug_frame   0x0000000000000d0c      0x120 build/stm32g4xx_hal_opamp.o
 .debug_frame   0x0000000000000e2c      0x268 build/stm32g4xx_hal_pwr_ex.o
 .debug_frame   0x0000000000001094      0x198 build/stm32g4xx_hal_rcc.o
 .debug_frame   0x000000000000122c      0xb54 build/stm32g4xx_hal_tim.o
 .debug_frame   0x0000000000001d80      0x614 build/stm32g4xx_hal_tim_ex.o

Cross Reference Table

Symbol                                            File
ADC1_2_IRQHandler                                 build/startup_stm32g431xx.o
AHBPrescTable                                     build/system_stm32g4xx.o
                                                  build/stm32g4xx_hal_rcc.o
APBPrescTable                                     build/system_stm32g4xx.o
                                                  build/stm32g4xx_hal_rcc.o
BusFault_Handler                                  build/stm32g4xx_it.o
COMP1_2_3_IRQHandler                              build/startup_stm32g431xx.o
COMP4_IRQHandler                                  build/startup_stm32g431xx.o
CORDIC_IRQHandler                                 build/startup_stm32g431xx.o
CRS_IRQHandler                                    build/startup_stm32g431xx.o
DAC_DMAConvCpltCh1                                build/stm32g4xx_hal_dac.o
                                                  build/stm32g4xx_hal_dac_ex.o
DAC_DMAConvCpltCh2                                build/stm32g4xx_hal_dac_ex.o
                                                  build/stm32g4xx_hal_dac.o
DAC_DMAErrorCh1                                   build/stm32g4xx_hal_dac.o
                                                  build/stm32g4xx_hal_dac_ex.o
DAC_DMAErrorCh2                                   build/stm32g4xx_hal_dac_ex.o
                                                  build/stm32g4xx_hal_dac.o
DAC_DMAHalfConvCpltCh1                            build/stm32g4xx_hal_dac.o
                                                  build/stm32g4xx_hal_dac_ex.o
DAC_DMAHalfConvCpltCh2                            build/stm32g4xx_hal_dac_ex.o
                                                  build/stm32g4xx_hal_dac.o
DMA1_Channel1_IRQHandler                          build/stm32g4xx_it.o
DMA1_Channel2_IRQHandler                          build/startup_stm32g431xx.o
DMA1_Channel3_IRQHandler                          build/startup_stm32g431xx.o
DMA1_Channel4_IRQHandler                          build/startup_stm32g431xx.o
DMA1_Channel5_IRQHandler                          build/startup_stm32g431xx.o
DMA1_Channel6_IRQHandler                          build/startup_stm32g431xx.o
DMA2_Channel1_IRQHandler                          build/startup_stm32g431xx.o
DMA2_Channel2_IRQHandler                          build/startup_stm32g431xx.o
DMA2_Channel3_IRQHandler                          build/startup_stm32g431xx.o
DMA2_Channel4_IRQHandler                          build/startup_stm32g431xx.o
DMA2_Channel5_IRQHandler                          build/startup_stm32g431xx.o
DMA2_Channel6_IRQHandler                          build/startup_stm32g431xx.o
DMAMUX_OVR_IRQHandler                             build/startup_stm32g431xx.o
DebugMon_Handler                                  build/stm32g4xx_it.o
Default_Handler                                   build/startup_stm32g431xx.o
EXTI0_IRQHandler                                  build/startup_stm32g431xx.o
EXTI15_10_IRQHandler                              build/startup_stm32g431xx.o
EXTI1_IRQHandler                                  build/startup_stm32g431xx.o
EXTI2_IRQHandler                                  build/startup_stm32g431xx.o
EXTI3_IRQHandler                                  build/startup_stm32g431xx.o
EXTI4_IRQHandler                                  build/startup_stm32g431xx.o
EXTI9_5_IRQHandler                                build/startup_stm32g431xx.o
Error_Handler                                     build/main.o
                                                  build/tim.o
                                                  build/opamp.o
                                                  build/dac.o
FDCAN1_IT0_IRQHandler                             build/startup_stm32g431xx.o
FDCAN1_IT1_IRQHandler                             build/startup_stm32g431xx.o
FLASH_FlushCaches                                 build/stm32g4xx_hal_flash_ex.o
                                                  build/stm32g4xx_hal_flash.o
FLASH_IRQHandler                                  build/startup_stm32g431xx.o
FLASH_PageErase                                   build/stm32g4xx_hal_flash_ex.o
                                                  build/stm32g4xx_hal_flash.o
FLASH_WaitForLastOperation                        build/stm32g4xx_hal_flash.o
                                                  build/stm32g4xx_hal_flash_ex.o
FMAC_IRQHandler                                   build/startup_stm32g431xx.o
FPU_IRQHandler                                    build/startup_stm32g431xx.o
HAL_DACEx_ConvCpltCallbackCh2                     build/stm32g4xx_hal_dac_ex.o
HAL_DACEx_ConvHalfCpltCallbackCh2                 build/stm32g4xx_hal_dac_ex.o
HAL_DACEx_DMAUnderrunCallbackCh2                  build/stm32g4xx_hal_dac_ex.o
                                                  build/stm32g4xx_hal_dac.o
HAL_DACEx_DualGetValue                            build/stm32g4xx_hal_dac_ex.o
HAL_DACEx_DualSetValue                            build/stm32g4xx_hal_dac_ex.o
HAL_DACEx_DualStart                               build/stm32g4xx_hal_dac_ex.o
HAL_DACEx_DualStart_DMA                           build/stm32g4xx_hal_dac_ex.o
HAL_DACEx_DualStop                                build/stm32g4xx_hal_dac_ex.o
HAL_DACEx_DualStop_DMA                            build/stm32g4xx_hal_dac_ex.o
HAL_DACEx_ErrorCallbackCh2                        build/stm32g4xx_hal_dac_ex.o
HAL_DACEx_GetTrimOffset                           build/stm32g4xx_hal_dac_ex.o
HAL_DACEx_NoiseWaveGenerate                       build/stm32g4xx_hal_dac_ex.o
HAL_DACEx_SawtoothWaveDataReset                   build/stm32g4xx_hal_dac_ex.o
HAL_DACEx_SawtoothWaveDataStep                    build/stm32g4xx_hal_dac_ex.o
HAL_DACEx_SawtoothWaveGenerate                    build/stm32g4xx_hal_dac_ex.o
HAL_DACEx_SelfCalibrate                           build/stm32g4xx_hal_dac_ex.o
HAL_DACEx_SetUserTrimming                         build/stm32g4xx_hal_dac_ex.o
HAL_DACEx_TriangleWaveGenerate                    build/stm32g4xx_hal_dac_ex.o
HAL_DAC_ConfigChannel                             build/stm32g4xx_hal_dac.o
                                                  build/dac.o
HAL_DAC_ConvCpltCallbackCh1                       build/stm32g4xx_hal_dac.o
HAL_DAC_ConvHalfCpltCallbackCh1                   build/stm32g4xx_hal_dac.o
HAL_DAC_DMAUnderrunCallbackCh1                    build/stm32g4xx_hal_dac.o
HAL_DAC_DeInit                                    build/stm32g4xx_hal_dac.o
HAL_DAC_ErrorCallbackCh1                          build/stm32g4xx_hal_dac.o
HAL_DAC_GetError                                  build/stm32g4xx_hal_dac.o
HAL_DAC_GetState                                  build/stm32g4xx_hal_dac.o
HAL_DAC_GetValue                                  build/stm32g4xx_hal_dac.o
HAL_DAC_IRQHandler                                build/stm32g4xx_hal_dac.o
HAL_DAC_Init                                      build/stm32g4xx_hal_dac.o
                                                  build/dac.o
HAL_DAC_MspDeInit                                 build/dac.o
HAL_DAC_MspInit                                   build/dac.o
HAL_DAC_SetValue                                  build/stm32g4xx_hal_dac.o
HAL_DAC_Start                                     build/stm32g4xx_hal_dac.o
HAL_DAC_Start_DMA                                 build/stm32g4xx_hal_dac.o
                                                  build/main.o
HAL_DAC_Stop                                      build/stm32g4xx_hal_dac.o
HAL_DAC_Stop_DMA                                  build/stm32g4xx_hal_dac.o
HAL_DBGMCU_DisableDBGSleepMode                    build/stm32g4xx_hal.o
HAL_DBGMCU_DisableDBGStandbyMode                  build/stm32g4xx_hal.o
HAL_DBGMCU_DisableDBGStopMode                     build/stm32g4xx_hal.o
HAL_DBGMCU_EnableDBGSleepMode                     build/stm32g4xx_hal.o
HAL_DBGMCU_EnableDBGStandbyMode                   build/stm32g4xx_hal.o
HAL_DBGMCU_EnableDBGStopMode                      build/stm32g4xx_hal.o
HAL_DMAEx_ConfigMuxRequestGenerator               build/stm32g4xx_hal_dma_ex.o
HAL_DMAEx_ConfigMuxSync                           build/stm32g4xx_hal_dma_ex.o
HAL_DMAEx_DisableMuxRequestGenerator              build/stm32g4xx_hal_dma_ex.o
HAL_DMAEx_EnableMuxRequestGenerator               build/stm32g4xx_hal_dma_ex.o
HAL_DMAEx_MUX_IRQHandler                          build/stm32g4xx_hal_dma_ex.o
HAL_DMA_Abort                                     build/stm32g4xx_hal_dma.o
                                                  build/stm32g4xx_hal_dac_ex.o
                                                  build/stm32g4xx_hal_dac.o
HAL_DMA_Abort_IT                                  build/stm32g4xx_hal_dma.o
                                                  build/stm32g4xx_hal_tim_ex.o
                                                  build/stm32g4xx_hal_tim.o
HAL_DMA_DeInit                                    build/stm32g4xx_hal_dma.o
                                                  build/dac.o
HAL_DMA_GetError                                  build/stm32g4xx_hal_dma.o
HAL_DMA_GetState                                  build/stm32g4xx_hal_dma.o
HAL_DMA_IRQHandler                                build/stm32g4xx_hal_dma.o
                                                  build/stm32g4xx_it.o
HAL_DMA_Init                                      build/stm32g4xx_hal_dma.o
                                                  build/dac.o
HAL_DMA_PollForTransfer                           build/stm32g4xx_hal_dma.o
HAL_DMA_RegisterCallback                          build/stm32g4xx_hal_dma.o
HAL_DMA_Start                                     build/stm32g4xx_hal_dma.o
HAL_DMA_Start_IT                                  build/stm32g4xx_hal_dma.o
                                                  build/stm32g4xx_hal_tim_ex.o
                                                  build/stm32g4xx_hal_tim.o
                                                  build/stm32g4xx_hal_dac_ex.o
                                                  build/stm32g4xx_hal_dac.o
HAL_DMA_UnRegisterCallback                        build/stm32g4xx_hal_dma.o
HAL_DeInit                                        build/stm32g4xx_hal.o
HAL_Delay                                         build/stm32g4xx_hal.o
                                                  build/stm32g4xx_hal_opamp_ex.o
                                                  build/stm32g4xx_hal_opamp.o
                                                  build/stm32g4xx_hal_dac_ex.o
                                                  build/stm32g4xx_hal_dac.o
HAL_EXTI_ClearConfigLine                          build/stm32g4xx_hal_exti.o
HAL_EXTI_ClearPending                             build/stm32g4xx_hal_exti.o
HAL_EXTI_GenerateSWI                              build/stm32g4xx_hal_exti.o
HAL_EXTI_GetConfigLine                            build/stm32g4xx_hal_exti.o
HAL_EXTI_GetHandle                                build/stm32g4xx_hal_exti.o
HAL_EXTI_GetPending                               build/stm32g4xx_hal_exti.o
HAL_EXTI_IRQHandler                               build/stm32g4xx_hal_exti.o
HAL_EXTI_RegisterCallback                         build/stm32g4xx_hal_exti.o
HAL_EXTI_SetConfigLine                            build/stm32g4xx_hal_exti.o
HAL_FLASHEx_DisableDebugger                       build/stm32g4xx_hal_flash_ex.o
HAL_FLASHEx_DisableRunPowerDown                   build/stm32g4xx_hal_flash_ramfunc.o
HAL_FLASHEx_EnableDebugger                        build/stm32g4xx_hal_flash_ex.o
HAL_FLASHEx_EnableRunPowerDown                    build/stm32g4xx_hal_flash_ramfunc.o
HAL_FLASHEx_EnableSecMemProtection                build/stm32g4xx_hal_flash_ex.o
HAL_FLASHEx_Erase                                 build/stm32g4xx_hal_flash_ex.o
HAL_FLASHEx_Erase_IT                              build/stm32g4xx_hal_flash_ex.o
HAL_FLASHEx_OBGetConfig                           build/stm32g4xx_hal_flash_ex.o
HAL_FLASHEx_OBProgram                             build/stm32g4xx_hal_flash_ex.o
HAL_FLASH_EndOfOperationCallback                  build/stm32g4xx_hal_flash.o
HAL_FLASH_GetError                                build/stm32g4xx_hal_flash.o
HAL_FLASH_IRQHandler                              build/stm32g4xx_hal_flash.o
HAL_FLASH_Lock                                    build/stm32g4xx_hal_flash.o
HAL_FLASH_OB_Launch                               build/stm32g4xx_hal_flash.o
HAL_FLASH_OB_Lock                                 build/stm32g4xx_hal_flash.o
HAL_FLASH_OB_Unlock                               build/stm32g4xx_hal_flash.o
HAL_FLASH_OperationErrorCallback                  build/stm32g4xx_hal_flash.o
HAL_FLASH_Program                                 build/stm32g4xx_hal_flash.o
HAL_FLASH_Program_IT                              build/stm32g4xx_hal_flash.o
HAL_FLASH_Unlock                                  build/stm32g4xx_hal_flash.o
HAL_GPIO_DeInit                                   build/stm32g4xx_hal_gpio.o
                                                  build/opamp.o
HAL_GPIO_EXTI_Callback                            build/stm32g4xx_hal_gpio.o
HAL_GPIO_EXTI_IRQHandler                          build/stm32g4xx_hal_gpio.o
HAL_GPIO_Init                                     build/stm32g4xx_hal_gpio.o
                                                  build/stm32g4xx_hal_rcc_ex.o
                                                  build/stm32g4xx_hal_rcc.o
                                                  build/opamp.o
HAL_GPIO_LockPin                                  build/stm32g4xx_hal_gpio.o
HAL_GPIO_ReadPin                                  build/stm32g4xx_hal_gpio.o
HAL_GPIO_TogglePin                                build/stm32g4xx_hal_gpio.o
HAL_GPIO_WritePin                                 build/stm32g4xx_hal_gpio.o
HAL_GetDEVID                                      build/stm32g4xx_hal.o
HAL_GetHalVersion                                 build/stm32g4xx_hal.o
HAL_GetREVID                                      build/stm32g4xx_hal.o
HAL_GetTick                                       build/stm32g4xx_hal.o
                                                  build/stm32g4xx_hal_tim_ex.o
                                                  build/stm32g4xx_hal_rcc_ex.o
                                                  build/stm32g4xx_hal_rcc.o
                                                  build/stm32g4xx_hal_flash.o
                                                  build/stm32g4xx_hal_dma.o
                                                  build/stm32g4xx_hal_dac.o
HAL_GetTickFreq                                   build/stm32g4xx_hal.o
HAL_GetTickPrio                                   build/stm32g4xx_hal.o
HAL_IncTick                                       build/stm32g4xx_hal.o
                                                  build/stm32g4xx_it.o
HAL_Init                                          build/stm32g4xx_hal.o
                                                  build/main.o
HAL_InitTick                                      build/stm32g4xx_hal.o
                                                  build/stm32g4xx_hal_rcc.o
HAL_MPU_ConfigRegion                              build/stm32g4xx_hal_cortex.o
HAL_MPU_Disable                                   build/stm32g4xx_hal_cortex.o
HAL_MPU_Enable                                    build/stm32g4xx_hal_cortex.o
HAL_MspDeInit                                     build/stm32g4xx_hal.o
HAL_MspInit                                       build/stm32g4xx_hal_msp.o
HAL_NVIC_ClearPendingIRQ                          build/stm32g4xx_hal_cortex.o
HAL_NVIC_DisableIRQ                               build/stm32g4xx_hal_cortex.o
HAL_NVIC_EnableIRQ                                build/stm32g4xx_hal_cortex.o
                                                  build/dma.o
HAL_NVIC_GetActive                                build/stm32g4xx_hal_cortex.o
HAL_NVIC_GetPendingIRQ                            build/stm32g4xx_hal_cortex.o
HAL_NVIC_GetPriority                              build/stm32g4xx_hal_cortex.o
HAL_NVIC_GetPriorityGrouping                      build/stm32g4xx_hal_cortex.o
HAL_NVIC_SetPendingIRQ                            build/stm32g4xx_hal_cortex.o
HAL_NVIC_SetPriority                              build/stm32g4xx_hal_cortex.o
                                                  build/stm32g4xx_hal.o
                                                  build/dma.o
HAL_NVIC_SetPriorityGrouping                      build/stm32g4xx_hal_cortex.o
                                                  build/stm32g4xx_hal.o
HAL_NVIC_SystemReset                              build/stm32g4xx_hal_cortex.o
HAL_OPAMPEx_SelfCalibrateAll                      build/stm32g4xx_hal_opamp_ex.o
HAL_OPAMP_DeInit                                  build/stm32g4xx_hal_opamp.o
HAL_OPAMP_GetState                                build/stm32g4xx_hal_opamp.o
HAL_OPAMP_GetTrimOffset                           build/stm32g4xx_hal_opamp.o
HAL_OPAMP_Init                                    build/stm32g4xx_hal_opamp.o
                                                  build/opamp.o
HAL_OPAMP_Lock                                    build/stm32g4xx_hal_opamp.o
HAL_OPAMP_LockTimerMux                            build/stm32g4xx_hal_opamp.o
HAL_OPAMP_MspDeInit                               build/opamp.o
HAL_OPAMP_MspInit                                 build/opamp.o
HAL_OPAMP_SelfCalibrate                           build/stm32g4xx_hal_opamp.o
HAL_OPAMP_Start                                   build/stm32g4xx_hal_opamp.o
                                                  build/main.o
HAL_OPAMP_Stop                                    build/stm32g4xx_hal_opamp.o
HAL_PWREx_ConfigPVM                               build/stm32g4xx_hal_pwr_ex.o
HAL_PWREx_ControlVoltageScaling                   build/stm32g4xx_hal_pwr_ex.o
                                                  build/main.o
HAL_PWREx_DisableBatteryCharging                  build/stm32g4xx_hal_pwr_ex.o
HAL_PWREx_DisableGPIOPullDown                     build/stm32g4xx_hal_pwr_ex.o
HAL_PWREx_DisableGPIOPullUp                       build/stm32g4xx_hal_pwr_ex.o
HAL_PWREx_DisableInternalWakeUpLine               build/stm32g4xx_hal_pwr_ex.o
HAL_PWREx_DisableLowPowerRunMode                  build/stm32g4xx_hal_pwr_ex.o
                                                  build/stm32g4xx_hal_pwr.o
HAL_PWREx_DisablePVM1                             build/stm32g4xx_hal_pwr_ex.o
HAL_PWREx_DisablePVM2                             build/stm32g4xx_hal_pwr_ex.o
HAL_PWREx_DisablePVM3                             build/stm32g4xx_hal_pwr_ex.o
HAL_PWREx_DisablePVM4                             build/stm32g4xx_hal_pwr_ex.o
HAL_PWREx_DisablePullUpPullDownConfig             build/stm32g4xx_hal_pwr_ex.o
HAL_PWREx_DisableSRAM2ContentRetention            build/stm32g4xx_hal_pwr_ex.o
HAL_PWREx_DisableUCPDDeadBattery                  build/stm32g4xx_hal_pwr_ex.o
                                                  build/stm32g4xx_hal_msp.o
HAL_PWREx_DisableUCPDStandbyMode                  build/stm32g4xx_hal_pwr_ex.o
HAL_PWREx_EnableBatteryCharging                   build/stm32g4xx_hal_pwr_ex.o
HAL_PWREx_EnableGPIOPullDown                      build/stm32g4xx_hal_pwr_ex.o
HAL_PWREx_EnableGPIOPullUp                        build/stm32g4xx_hal_pwr_ex.o
HAL_PWREx_EnableInternalWakeUpLine                build/stm32g4xx_hal_pwr_ex.o
HAL_PWREx_EnableLowPowerRunMode                   build/stm32g4xx_hal_pwr_ex.o
                                                  build/stm32g4xx_hal_pwr.o
HAL_PWREx_EnablePVM1                              build/stm32g4xx_hal_pwr_ex.o
HAL_PWREx_EnablePVM2                              build/stm32g4xx_hal_pwr_ex.o
HAL_PWREx_EnablePVM3                              build/stm32g4xx_hal_pwr_ex.o
HAL_PWREx_EnablePVM4                              build/stm32g4xx_hal_pwr_ex.o
HAL_PWREx_EnablePullUpPullDownConfig              build/stm32g4xx_hal_pwr_ex.o
HAL_PWREx_EnableSRAM2ContentRetention             build/stm32g4xx_hal_pwr_ex.o
HAL_PWREx_EnableUCPDDeadBattery                   build/stm32g4xx_hal_pwr_ex.o
HAL_PWREx_EnableUCPDStandbyMode                   build/stm32g4xx_hal_pwr_ex.o
HAL_PWREx_EnterSHUTDOWNMode                       build/stm32g4xx_hal_pwr_ex.o
HAL_PWREx_EnterSTOP0Mode                          build/stm32g4xx_hal_pwr_ex.o
                                                  build/stm32g4xx_hal_pwr.o
HAL_PWREx_EnterSTOP1Mode                          build/stm32g4xx_hal_pwr_ex.o
                                                  build/stm32g4xx_hal_pwr.o
HAL_PWREx_GetVoltageRange                         build/stm32g4xx_hal_pwr_ex.o
HAL_PWREx_PVD_PVM_IRQHandler                      build/stm32g4xx_hal_pwr_ex.o
HAL_PWREx_PVM1Callback                            build/stm32g4xx_hal_pwr_ex.o
HAL_PWREx_PVM2Callback                            build/stm32g4xx_hal_pwr_ex.o
HAL_PWREx_PVM3Callback                            build/stm32g4xx_hal_pwr_ex.o
HAL_PWREx_PVM4Callback                            build/stm32g4xx_hal_pwr_ex.o
HAL_PWR_ConfigPVD                                 build/stm32g4xx_hal_pwr.o
HAL_PWR_DeInit                                    build/stm32g4xx_hal_pwr.o
HAL_PWR_DisableBkUpAccess                         build/stm32g4xx_hal_pwr.o
                                                  build/stm32g4xx_hal_rcc_ex.o
HAL_PWR_DisablePVD                                build/stm32g4xx_hal_pwr.o
HAL_PWR_DisableSEVOnPend                          build/stm32g4xx_hal_pwr.o
HAL_PWR_DisableSleepOnExit                        build/stm32g4xx_hal_pwr.o
HAL_PWR_DisableWakeUpPin                          build/stm32g4xx_hal_pwr.o
HAL_PWR_EnableBkUpAccess                          build/stm32g4xx_hal_pwr.o
                                                  build/stm32g4xx_hal_rcc_ex.o
HAL_PWR_EnablePVD                                 build/stm32g4xx_hal_pwr.o
HAL_PWR_EnableSEVOnPend                           build/stm32g4xx_hal_pwr.o
HAL_PWR_EnableSleepOnExit                         build/stm32g4xx_hal_pwr.o
HAL_PWR_EnableWakeUpPin                           build/stm32g4xx_hal_pwr.o
HAL_PWR_EnterSLEEPMode                            build/stm32g4xx_hal_pwr.o
HAL_PWR_EnterSTANDBYMode                          build/stm32g4xx_hal_pwr.o
HAL_PWR_EnterSTOPMode                             build/stm32g4xx_hal_pwr.o
HAL_PWR_PVDCallback                               build/stm32g4xx_hal_pwr.o
                                                  build/stm32g4xx_hal_pwr_ex.o
HAL_RCCEx_CRSConfig                               build/stm32g4xx_hal_rcc_ex.o
HAL_RCCEx_CRSGetSynchronizationInfo               build/stm32g4xx_hal_rcc_ex.o
HAL_RCCEx_CRSSoftwareSynchronizationGenerate      build/stm32g4xx_hal_rcc_ex.o
HAL_RCCEx_CRSWaitSynchronization                  build/stm32g4xx_hal_rcc_ex.o
HAL_RCCEx_CRS_ErrorCallback                       build/stm32g4xx_hal_rcc_ex.o
HAL_RCCEx_CRS_ExpectedSyncCallback                build/stm32g4xx_hal_rcc_ex.o
HAL_RCCEx_CRS_IRQHandler                          build/stm32g4xx_hal_rcc_ex.o
HAL_RCCEx_CRS_SyncOkCallback                      build/stm32g4xx_hal_rcc_ex.o
HAL_RCCEx_CRS_SyncWarnCallback                    build/stm32g4xx_hal_rcc_ex.o
HAL_RCCEx_DisableLSCO                             build/stm32g4xx_hal_rcc_ex.o
HAL_RCCEx_DisableLSECSS                           build/stm32g4xx_hal_rcc_ex.o
HAL_RCCEx_EnableLSCO                              build/stm32g4xx_hal_rcc_ex.o
HAL_RCCEx_EnableLSECSS                            build/stm32g4xx_hal_rcc_ex.o
HAL_RCCEx_EnableLSECSS_IT                         build/stm32g4xx_hal_rcc_ex.o
HAL_RCCEx_GetPeriphCLKConfig                      build/stm32g4xx_hal_rcc_ex.o
HAL_RCCEx_GetPeriphCLKFreq                        build/stm32g4xx_hal_rcc_ex.o
HAL_RCCEx_LSECSS_Callback                         build/stm32g4xx_hal_rcc_ex.o
HAL_RCCEx_LSECSS_IRQHandler                       build/stm32g4xx_hal_rcc_ex.o
HAL_RCCEx_PeriphCLKConfig                         build/stm32g4xx_hal_rcc_ex.o
HAL_RCC_CSSCallback                               build/stm32g4xx_hal_rcc.o
HAL_RCC_ClockConfig                               build/stm32g4xx_hal_rcc.o
                                                  build/main.o
HAL_RCC_DeInit                                    build/stm32g4xx_hal_rcc.o
HAL_RCC_DisableLSECSS                             build/stm32g4xx_hal_rcc.o
HAL_RCC_EnableCSS                                 build/stm32g4xx_hal_rcc.o
HAL_RCC_EnableLSECSS                              build/stm32g4xx_hal_rcc.o
HAL_RCC_GetClockConfig                            build/stm32g4xx_hal_rcc.o
HAL_RCC_GetHCLKFreq                               build/stm32g4xx_hal_rcc.o
                                                  build/stm32g4xx_hal_dac.o
HAL_RCC_GetOscConfig                              build/stm32g4xx_hal_rcc.o
HAL_RCC_GetPCLK1Freq                              build/stm32g4xx_hal_rcc.o
                                                  build/stm32g4xx_hal_rcc_ex.o
HAL_RCC_GetPCLK2Freq                              build/stm32g4xx_hal_rcc.o
                                                  build/stm32g4xx_hal_rcc_ex.o
HAL_RCC_GetSysClockFreq                           build/stm32g4xx_hal_rcc.o
                                                  build/stm32g4xx_hal_rcc_ex.o
HAL_RCC_MCOConfig                                 build/stm32g4xx_hal_rcc.o
HAL_RCC_NMI_IRQHandler                            build/stm32g4xx_hal_rcc.o
HAL_RCC_OscConfig                                 build/stm32g4xx_hal_rcc.o
                                                  build/main.o
HAL_ResumeTick                                    build/stm32g4xx_hal.o
HAL_SYSCFG_CCMSRAMErase                           build/stm32g4xx_hal.o
HAL_SYSCFG_CCMSRAM_WriteProtectionEnable          build/stm32g4xx_hal.o
HAL_SYSCFG_DisableIOSwitchBooster                 build/stm32g4xx_hal.o
HAL_SYSCFG_DisableIOSwitchVDD                     build/stm32g4xx_hal.o
HAL_SYSCFG_DisableMemorySwappingBank              build/stm32g4xx_hal.o
HAL_SYSCFG_DisableVREFBUF                         build/stm32g4xx_hal.o
HAL_SYSCFG_EnableIOSwitchBooster                  build/stm32g4xx_hal.o
HAL_SYSCFG_EnableIOSwitchVDD                      build/stm32g4xx_hal.o
HAL_SYSCFG_EnableMemorySwappingBank               build/stm32g4xx_hal.o
HAL_SYSCFG_EnableVREFBUF                          build/stm32g4xx_hal.o
HAL_SYSCFG_VREFBUF_HighImpedanceConfig            build/stm32g4xx_hal.o
HAL_SYSCFG_VREFBUF_TrimmingConfig                 build/stm32g4xx_hal.o
HAL_SYSCFG_VREFBUF_VoltageScalingConfig           build/stm32g4xx_hal.o
HAL_SYSTICK_CLKSourceConfig                       build/stm32g4xx_hal_cortex.o
HAL_SYSTICK_Callback                              build/stm32g4xx_hal_cortex.o
HAL_SYSTICK_Config                                build/stm32g4xx_hal_cortex.o
                                                  build/stm32g4xx_hal.o
HAL_SYSTICK_IRQHandler                            build/stm32g4xx_hal_cortex.o
HAL_SetTickFreq                                   build/stm32g4xx_hal.o
HAL_SuspendTick                                   build/stm32g4xx_hal.o
HAL_TIMEx_Break2Callback                          build/stm32g4xx_hal_tim_ex.o
                                                  build/stm32g4xx_hal_tim.o
HAL_TIMEx_BreakCallback                           build/stm32g4xx_hal_tim_ex.o
                                                  build/stm32g4xx_hal_tim.o
HAL_TIMEx_CommutCallback                          build/stm32g4xx_hal_tim_ex.o
                                                  build/stm32g4xx_hal_tim.o
HAL_TIMEx_CommutHalfCpltCallback                  build/stm32g4xx_hal_tim_ex.o
HAL_TIMEx_ConfigAsymmetricalDeadTime              build/stm32g4xx_hal_tim_ex.o
HAL_TIMEx_ConfigBreakDeadTime                     build/stm32g4xx_hal_tim_ex.o
HAL_TIMEx_ConfigBreakInput                        build/stm32g4xx_hal_tim_ex.o
HAL_TIMEx_ConfigCommutEvent                       build/stm32g4xx_hal_tim_ex.o
HAL_TIMEx_ConfigCommutEvent_DMA                   build/stm32g4xx_hal_tim_ex.o
HAL_TIMEx_ConfigCommutEvent_IT                    build/stm32g4xx_hal_tim_ex.o
HAL_TIMEx_ConfigDeadTime                          build/stm32g4xx_hal_tim_ex.o
HAL_TIMEx_ConfigEncoderIndex                      build/stm32g4xx_hal_tim_ex.o
HAL_TIMEx_ConfigSlaveModePreload                  build/stm32g4xx_hal_tim_ex.o
HAL_TIMEx_DirectionChangeCallback                 build/stm32g4xx_hal_tim_ex.o
                                                  build/stm32g4xx_hal_tim.o
HAL_TIMEx_DisableAsymmetricalDeadTime             build/stm32g4xx_hal_tim_ex.o
HAL_TIMEx_DisableDeadTimePreload                  build/stm32g4xx_hal_tim_ex.o
HAL_TIMEx_DisableEncoderFirstIndex                build/stm32g4xx_hal_tim_ex.o
HAL_TIMEx_DisableEncoderIndex                     build/stm32g4xx_hal_tim_ex.o
HAL_TIMEx_DisableSlaveModePreload                 build/stm32g4xx_hal_tim_ex.o
HAL_TIMEx_DisarmBreakInput                        build/stm32g4xx_hal_tim_ex.o
HAL_TIMEx_DitheringDisable                        build/stm32g4xx_hal_tim_ex.o
HAL_TIMEx_DitheringEnable                         build/stm32g4xx_hal_tim_ex.o
HAL_TIMEx_EnableAsymmetricalDeadTime              build/stm32g4xx_hal_tim_ex.o
HAL_TIMEx_EnableDeadTimePreload                   build/stm32g4xx_hal_tim_ex.o
HAL_TIMEx_EnableEncoderFirstIndex                 build/stm32g4xx_hal_tim_ex.o
HAL_TIMEx_EnableEncoderIndex                      build/stm32g4xx_hal_tim_ex.o
HAL_TIMEx_EnableSlaveModePreload                  build/stm32g4xx_hal_tim_ex.o
HAL_TIMEx_EncoderIndexCallback                    build/stm32g4xx_hal_tim_ex.o
                                                  build/stm32g4xx_hal_tim.o
HAL_TIMEx_GetChannelNState                        build/stm32g4xx_hal_tim_ex.o
HAL_TIMEx_GroupChannel5                           build/stm32g4xx_hal_tim_ex.o
HAL_TIMEx_HallSensor_DeInit                       build/stm32g4xx_hal_tim_ex.o
HAL_TIMEx_HallSensor_GetState                     build/stm32g4xx_hal_tim_ex.o
HAL_TIMEx_HallSensor_Init                         build/stm32g4xx_hal_tim_ex.o
HAL_TIMEx_HallSensor_MspDeInit                    build/stm32g4xx_hal_tim_ex.o
HAL_TIMEx_HallSensor_MspInit                      build/stm32g4xx_hal_tim_ex.o
HAL_TIMEx_HallSensor_Start                        build/stm32g4xx_hal_tim_ex.o
HAL_TIMEx_HallSensor_Start_DMA                    build/stm32g4xx_hal_tim_ex.o
HAL_TIMEx_HallSensor_Start_IT                     build/stm32g4xx_hal_tim_ex.o
HAL_TIMEx_HallSensor_Stop                         build/stm32g4xx_hal_tim_ex.o
HAL_TIMEx_HallSensor_Stop_DMA                     build/stm32g4xx_hal_tim_ex.o
HAL_TIMEx_HallSensor_Stop_IT                      build/stm32g4xx_hal_tim_ex.o
HAL_TIMEx_IndexErrorCallback                      build/stm32g4xx_hal_tim_ex.o
                                                  build/stm32g4xx_hal_tim.o
HAL_TIMEx_MasterConfigSynchronization             build/stm32g4xx_hal_tim_ex.o
                                                  build/tim.o
HAL_TIMEx_OCN_Start                               build/stm32g4xx_hal_tim_ex.o
HAL_TIMEx_OCN_Start_DMA                           build/stm32g4xx_hal_tim_ex.o
HAL_TIMEx_OCN_Start_IT                            build/stm32g4xx_hal_tim_ex.o
HAL_TIMEx_OCN_Stop                                build/stm32g4xx_hal_tim_ex.o
HAL_TIMEx_OCN_Stop_DMA                            build/stm32g4xx_hal_tim_ex.o
HAL_TIMEx_OCN_Stop_IT                             build/stm32g4xx_hal_tim_ex.o
HAL_TIMEx_OC_ConfigPulseOnCompare                 build/stm32g4xx_hal_tim_ex.o
HAL_TIMEx_OnePulseN_Start                         build/stm32g4xx_hal_tim_ex.o
HAL_TIMEx_OnePulseN_Start_IT                      build/stm32g4xx_hal_tim_ex.o
HAL_TIMEx_OnePulseN_Stop                          build/stm32g4xx_hal_tim_ex.o
HAL_TIMEx_OnePulseN_Stop_IT                       build/stm32g4xx_hal_tim_ex.o
HAL_TIMEx_PWMN_Start                              build/stm32g4xx_hal_tim_ex.o
HAL_TIMEx_PWMN_Start_DMA                          build/stm32g4xx_hal_tim_ex.o
HAL_TIMEx_PWMN_Start_IT                           build/stm32g4xx_hal_tim_ex.o
HAL_TIMEx_PWMN_Stop                               build/stm32g4xx_hal_tim_ex.o
HAL_TIMEx_PWMN_Stop_DMA                           build/stm32g4xx_hal_tim_ex.o
HAL_TIMEx_PWMN_Stop_IT                            build/stm32g4xx_hal_tim_ex.o
HAL_TIMEx_ReArmBreakInput                         build/stm32g4xx_hal_tim_ex.o
HAL_TIMEx_RemapConfig                             build/stm32g4xx_hal_tim_ex.o
HAL_TIMEx_TISelection                             build/stm32g4xx_hal_tim_ex.o
HAL_TIMEx_TransitionErrorCallback                 build/stm32g4xx_hal_tim_ex.o
                                                  build/stm32g4xx_hal_tim.o
HAL_TIM_Base_DeInit                               build/stm32g4xx_hal_tim.o
HAL_TIM_Base_GetState                             build/stm32g4xx_hal_tim.o
HAL_TIM_Base_Init                                 build/stm32g4xx_hal_tim.o
                                                  build/tim.o
HAL_TIM_Base_MspDeInit                            build/tim.o
HAL_TIM_Base_MspInit                              build/tim.o
HAL_TIM_Base_Start                                build/stm32g4xx_hal_tim.o
                                                  build/main.o
HAL_TIM_Base_Start_DMA                            build/stm32g4xx_hal_tim.o
HAL_TIM_Base_Start_IT                             build/stm32g4xx_hal_tim.o
HAL_TIM_Base_Stop                                 build/stm32g4xx_hal_tim.o
HAL_TIM_Base_Stop_DMA                             build/stm32g4xx_hal_tim.o
HAL_TIM_Base_Stop_IT                              build/stm32g4xx_hal_tim.o
HAL_TIM_ConfigClockSource                         build/stm32g4xx_hal_tim.o
HAL_TIM_ConfigOCrefClear                          build/stm32g4xx_hal_tim.o
HAL_TIM_ConfigTI1Input                            build/stm32g4xx_hal_tim.o
HAL_TIM_DMABurstState                             build/stm32g4xx_hal_tim.o
HAL_TIM_DMABurst_MultiReadStart                   build/stm32g4xx_hal_tim.o
HAL_TIM_DMABurst_MultiWriteStart                  build/stm32g4xx_hal_tim.o
HAL_TIM_DMABurst_ReadStart                        build/stm32g4xx_hal_tim.o
HAL_TIM_DMABurst_ReadStop                         build/stm32g4xx_hal_tim.o
HAL_TIM_DMABurst_WriteStart                       build/stm32g4xx_hal_tim.o
HAL_TIM_DMABurst_WriteStop                        build/stm32g4xx_hal_tim.o
HAL_TIM_Encoder_DeInit                            build/stm32g4xx_hal_tim.o
HAL_TIM_Encoder_GetState                          build/stm32g4xx_hal_tim.o
HAL_TIM_Encoder_Init                              build/stm32g4xx_hal_tim.o
HAL_TIM_Encoder_MspDeInit                         build/stm32g4xx_hal_tim.o
HAL_TIM_Encoder_MspInit                           build/stm32g4xx_hal_tim.o
HAL_TIM_Encoder_Start                             build/stm32g4xx_hal_tim.o
HAL_TIM_Encoder_Start_DMA                         build/stm32g4xx_hal_tim.o
HAL_TIM_Encoder_Start_IT                          build/stm32g4xx_hal_tim.o
HAL_TIM_Encoder_Stop                              build/stm32g4xx_hal_tim.o
HAL_TIM_Encoder_Stop_DMA                          build/stm32g4xx_hal_tim.o
HAL_TIM_Encoder_Stop_IT                           build/stm32g4xx_hal_tim.o
HAL_TIM_ErrorCallback                             build/stm32g4xx_hal_tim.o
                                                  build/stm32g4xx_hal_tim_ex.o
HAL_TIM_GenerateEvent                             build/stm32g4xx_hal_tim.o
HAL_TIM_GetActiveChannel                          build/stm32g4xx_hal_tim.o
HAL_TIM_GetChannelState                           build/stm32g4xx_hal_tim.o
HAL_TIM_IC_CaptureCallback                        build/stm32g4xx_hal_tim.o
HAL_TIM_IC_CaptureHalfCpltCallback                build/stm32g4xx_hal_tim.o
HAL_TIM_IC_ConfigChannel                          build/stm32g4xx_hal_tim.o
HAL_TIM_IC_DeInit                                 build/stm32g4xx_hal_tim.o
HAL_TIM_IC_GetState                               build/stm32g4xx_hal_tim.o
HAL_TIM_IC_Init                                   build/stm32g4xx_hal_tim.o
HAL_TIM_IC_MspDeInit                              build/stm32g4xx_hal_tim.o
HAL_TIM_IC_MspInit                                build/stm32g4xx_hal_tim.o
HAL_TIM_IC_Start                                  build/stm32g4xx_hal_tim.o
HAL_TIM_IC_Start_DMA                              build/stm32g4xx_hal_tim.o
HAL_TIM_IC_Start_IT                               build/stm32g4xx_hal_tim.o
HAL_TIM_IC_Stop                                   build/stm32g4xx_hal_tim.o
HAL_TIM_IC_Stop_DMA                               build/stm32g4xx_hal_tim.o
HAL_TIM_IC_Stop_IT                                build/stm32g4xx_hal_tim.o
HAL_TIM_IRQHandler                                build/stm32g4xx_hal_tim.o
HAL_TIM_OC_ConfigChannel                          build/stm32g4xx_hal_tim.o
HAL_TIM_OC_DeInit                                 build/stm32g4xx_hal_tim.o
HAL_TIM_OC_DelayElapsedCallback                   build/stm32g4xx_hal_tim.o
HAL_TIM_OC_GetState                               build/stm32g4xx_hal_tim.o
HAL_TIM_OC_Init                                   build/stm32g4xx_hal_tim.o
HAL_TIM_OC_MspDeInit                              build/stm32g4xx_hal_tim.o
HAL_TIM_OC_MspInit                                build/stm32g4xx_hal_tim.o
HAL_TIM_OC_Start                                  build/stm32g4xx_hal_tim.o
HAL_TIM_OC_Start_DMA                              build/stm32g4xx_hal_tim.o
HAL_TIM_OC_Start_IT                               build/stm32g4xx_hal_tim.o
HAL_TIM_OC_Stop                                   build/stm32g4xx_hal_tim.o
HAL_TIM_OC_Stop_DMA                               build/stm32g4xx_hal_tim.o
HAL_TIM_OC_Stop_IT                                build/stm32g4xx_hal_tim.o
HAL_TIM_OnePulse_ConfigChannel                    build/stm32g4xx_hal_tim.o
HAL_TIM_OnePulse_DeInit                           build/stm32g4xx_hal_tim.o
HAL_TIM_OnePulse_GetState                         build/stm32g4xx_hal_tim.o
HAL_TIM_OnePulse_Init                             build/stm32g4xx_hal_tim.o
HAL_TIM_OnePulse_MspDeInit                        build/stm32g4xx_hal_tim.o
HAL_TIM_OnePulse_MspInit                          build/stm32g4xx_hal_tim.o
HAL_TIM_OnePulse_Start                            build/stm32g4xx_hal_tim.o
HAL_TIM_OnePulse_Start_IT                         build/stm32g4xx_hal_tim.o
HAL_TIM_OnePulse_Stop                             build/stm32g4xx_hal_tim.o
HAL_TIM_OnePulse_Stop_IT                          build/stm32g4xx_hal_tim.o
HAL_TIM_PWM_ConfigChannel                         build/stm32g4xx_hal_tim.o
HAL_TIM_PWM_DeInit                                build/stm32g4xx_hal_tim.o
HAL_TIM_PWM_GetState                              build/stm32g4xx_hal_tim.o
HAL_TIM_PWM_Init                                  build/stm32g4xx_hal_tim.o
HAL_TIM_PWM_MspDeInit                             build/stm32g4xx_hal_tim.o
HAL_TIM_PWM_MspInit                               build/stm32g4xx_hal_tim.o
HAL_TIM_PWM_PulseFinishedCallback                 build/stm32g4xx_hal_tim.o
                                                  build/stm32g4xx_hal_tim_ex.o
HAL_TIM_PWM_PulseFinishedHalfCpltCallback         build/stm32g4xx_hal_tim.o
HAL_TIM_PWM_Start                                 build/stm32g4xx_hal_tim.o
HAL_TIM_PWM_Start_DMA                             build/stm32g4xx_hal_tim.o
HAL_TIM_PWM_Start_IT                              build/stm32g4xx_hal_tim.o
HAL_TIM_PWM_Stop                                  build/stm32g4xx_hal_tim.o
HAL_TIM_PWM_Stop_DMA                              build/stm32g4xx_hal_tim.o
HAL_TIM_PWM_Stop_IT                               build/stm32g4xx_hal_tim.o
HAL_TIM_PeriodElapsedCallback                     build/stm32g4xx_hal_tim.o
HAL_TIM_PeriodElapsedHalfCpltCallback             build/stm32g4xx_hal_tim.o
HAL_TIM_ReadCapturedValue                         build/stm32g4xx_hal_tim.o
HAL_TIM_SlaveConfigSynchro                        build/stm32g4xx_hal_tim.o
HAL_TIM_SlaveConfigSynchro_IT                     build/stm32g4xx_hal_tim.o
HAL_TIM_TriggerCallback                           build/stm32g4xx_hal_tim.o
HAL_TIM_TriggerHalfCpltCallback                   build/stm32g4xx_hal_tim.o
HardFault_Handler                                 build/stm32g4xx_it.o
I2C1_ER_IRQHandler                                build/startup_stm32g431xx.o
I2C1_EV_IRQHandler                                build/startup_stm32g431xx.o
I2C2_ER_IRQHandler                                build/startup_stm32g431xx.o
I2C2_EV_IRQHandler                                build/startup_stm32g431xx.o
I2C3_ER_IRQHandler                                build/startup_stm32g431xx.o
I2C3_EV_IRQHandler                                build/startup_stm32g431xx.o
LPTIM1_IRQHandler                                 build/startup_stm32g431xx.o
LPUART1_IRQHandler                                build/startup_stm32g431xx.o
MX_DAC3_Init                                      build/dac.o
                                                  build/main.o
MX_DMA_Init                                       build/dma.o
                                                  build/main.o
MX_GPIO_Init                                      build/gpio.o
                                                  build/main.o
MX_OPAMP1_Init                                    build/opamp.o
                                                  build/main.o
MX_TIM6_Init                                      build/tim.o
                                                  build/main.o
MemManage_Handler                                 build/stm32g4xx_it.o
NMI_Handler                                       build/stm32g4xx_it.o
PVD_PVM_IRQHandler                                build/startup_stm32g431xx.o
PendSV_Handler                                    build/stm32g4xx_it.o
RCC_IRQHandler                                    build/startup_stm32g431xx.o
RNG_IRQHandler                                    build/startup_stm32g431xx.o
RTC_Alarm_IRQHandler                              build/startup_stm32g431xx.o
RTC_TAMP_LSECSS_IRQHandler                        build/startup_stm32g431xx.o
RTC_WKUP_IRQHandler                               build/startup_stm32g431xx.o
Reset_Handler                                     build/startup_stm32g431xx.o
SAI1_IRQHandler                                   build/startup_stm32g431xx.o
SPI1_IRQHandler                                   build/startup_stm32g431xx.o
SPI2_IRQHandler                                   build/startup_stm32g431xx.o
SPI3_IRQHandler                                   build/startup_stm32g431xx.o
SVC_Handler                                       build/stm32g4xx_it.o
SysTick_Handler                                   build/stm32g4xx_it.o
SystemClock_Config                                build/main.o
SystemCoreClock                                   build/system_stm32g4xx.o
                                                  build/stm32g4xx_hal_rcc.o
                                                  build/stm32g4xx_hal_pwr_ex.o
                                                  build/stm32g4xx_hal.o
SystemCoreClockUpdate                             build/system_stm32g4xx.o
SystemInit                                        build/system_stm32g4xx.o
                                                  build/startup_stm32g431xx.o
TIM1_BRK_TIM15_IRQHandler                         build/startup_stm32g431xx.o
TIM1_CC_IRQHandler                                build/startup_stm32g431xx.o
TIM1_TRG_COM_TIM17_IRQHandler                     build/startup_stm32g431xx.o
TIM1_UP_TIM16_IRQHandler                          build/startup_stm32g431xx.o
TIM2_IRQHandler                                   build/startup_stm32g431xx.o
TIM3_IRQHandler                                   build/startup_stm32g431xx.o
TIM4_IRQHandler                                   build/startup_stm32g431xx.o
TIM6_DAC_IRQHandler                               build/startup_stm32g431xx.o
TIM7_IRQHandler                                   build/startup_stm32g431xx.o
TIM8_BRK_IRQHandler                               build/startup_stm32g431xx.o
TIM8_CC_IRQHandler                                build/startup_stm32g431xx.o
TIM8_TRG_COM_IRQHandler                           build/startup_stm32g431xx.o
TIM8_UP_IRQHandler                                build/startup_stm32g431xx.o
TIMEx_DMACommutationCplt                          build/stm32g4xx_hal_tim_ex.o
                                                  build/stm32g4xx_hal_tim.o
TIMEx_DMACommutationHalfCplt                      build/stm32g4xx_hal_tim_ex.o
                                                  build/stm32g4xx_hal_tim.o
TIM_Base_SetConfig                                build/stm32g4xx_hal_tim.o
                                                  build/stm32g4xx_hal_tim_ex.o
TIM_CCxChannelCmd                                 build/stm32g4xx_hal_tim.o
                                                  build/stm32g4xx_hal_tim_ex.o
TIM_DMACaptureCplt                                build/stm32g4xx_hal_tim.o
                                                  build/stm32g4xx_hal_tim_ex.o
TIM_DMACaptureHalfCplt                            build/stm32g4xx_hal_tim.o
                                                  build/stm32g4xx_hal_tim_ex.o
TIM_DMADelayPulseHalfCplt                         build/stm32g4xx_hal_tim.o
                                                  build/stm32g4xx_hal_tim_ex.o
TIM_DMAError                                      build/stm32g4xx_hal_tim.o
                                                  build/stm32g4xx_hal_tim_ex.o
TIM_ETR_SetConfig                                 build/stm32g4xx_hal_tim.o